; Map created with FinalAlert 2(tm) Mission Editor
; Get it at http://www.westwood.com
; note that all comments were truncated

[Africans]
Name=Africans
Side=Nod
Color=DarkRed
Prefix=B
Suffix=Soviet
SmartAI=yes
CostUnitsMult=1
ParentCountry=Africans

[AircraftTypes]

[Alliance]
Name=Alliance
Side=GDI
Color=Gold
Prefix=G
Suffix=Allied
SmartAI=yes
CostUnitsMult=1
ParentCountry=Alliance

[Americans]
Name=Americans
Side=GDI
Color=Gold
Prefix=G
Suffix=Allied
SmartAI=yes
CostUnitsMult=1
ParentCountry=Americans

[Arabs]
Name=Arabs
Side=Nod
Color=DarkRed
Prefix=B
Suffix=Soviet
SmartAI=yes
CostUnitsMult=1
ParentCountry=Arabs

[British]
Name=British
Side=GDI
Color=Gold
Prefix=G
Suffix=Allied
SmartAI=yes
CostUnitsMult=1
ParentCountry=British

[CANEWY04]
Name=RA2 Statue of Liberty
UIName=Name:CANEWY04
Strength=10000
CrateBeneath=false
CrateBeneathIsMoney=false

[CANEWY12]
Name=RA2 NY Building 12
Armor=steel
UIName=Name:CANEWY12
Strength=50000

[CANEWY18]
Name=RA2 NY Building 18
Armor=steel
UIName=Name:CANEWY18
Strength=50000

[CAPARS04]
Name=RA2 Paris Building 4
Armor=steel
UIName=Name:CAPRS04
Strength=50000

[CMIN]
Storage=10

[COP]
Name=RA2 Pig
UIName=Name:PIGCAR
Crusher=no
Strength=40
ThreatPosed=10
AmbientSound=PoliceSirenLoop
Insignificant=no

[Confederation]
Name=Confederation
Side=Nod
Color=DarkRed
Prefix=B
Suffix=Soviet
SmartAI=yes
CostUnitsMult=1
ParentCountry=Confederation

[Cruentus]
Value=100

[DMISL]
Strength=75

[DMISLWH]
Wall=yes
Wood=yes
Verses=100%,90%,80%,100%,90%,80%,85%,65%,28%,2%,0%
CellSpread=1.5
PercentAtMax=.25

[DRON]
Name=Terror Drone
UIName=Name:DRON
TechLevel=-1

[FLAKT]
TechLevel=12

[French]
Name=French
Side=GDI
Color=Gold
Prefix=G
Suffix=Allied
SmartAI=yes
CostUnitsMult=1
ParentCountry=French

[GAAIRC]
TechLevel=-1

[GACNST]
Name=Allied Construction Yard
UIName=Name:GACNST
Unsellable=Yes

[GAWALL]
Name=Allied Wall
UIName=Name:GAWALL
TechLevel=-1

[GAWEAP]
Name=Allied War Factory
UIName=Name:GAWEAP
TechLevel=1

[GAYARD]
Name=Allied Shipyard
UIName=Name:GAYARD
TechLevel=-1

[General]
TeamDelays=1000,750,500
DMislAltitude=1550
StrayDistance=2
V3RocketAltitude=1550
CampaignMoneyDeltaEasy=1500
CampaignMoneyDeltaHard=-1500

[Germans]
Name=Germans
Side=GDI
Color=Gold
Prefix=G
Suffix=Allied
SmartAI=yes
CostUnitsMult=1
ParentCountry=Germans

[HARV]
Storage=20

[INBLULMP]
Name=Invisible Blue Light Post
LightRedTint=0.01
LightBlueTint=0.7
LightGreenTint=0,01
LightIntensity=0.01
LightVisibility=4000

[INYELWLAMP]
Name=Invisible Yellow Light Post
LightRedTint=0.75
LightBlueTint=0.01
LightGreenTint=0.75
LightIntensity=.01
LightVisibility=3500

[IVAN]
TechLevel=-1

[JUMPJET]
TechLevel=12

[M1Carbine]
Damage=10

[MP5]
ROF=10
Range=8
Damage=125

[NADEPT]
Name=Soviet Service Depot
UIName=Name:NADEPT
TechLevel=-1

[NAFLAK]
TechLevel=12

[NASAM]
Name=Patriot Missile
UIName=Name:NASAM
TechLevel=-1

[NATECH]
TechLevel=12

[NAWALL]
TechLevel=-1

[NAYARD]
TechLevel=-1

[Neutral]
Name=Neutral
Side=Civilian
Color=Grey
Prefix=C
Suffix=CIV
SmartAI=yes
CostUnitsMult=1
ParentCountry=Neutral

[OilExplosionWH]
Fire=yes
Sparky=no
Verses=150%,100%,100%,90%,70%,50%,200%,90%,50%,100%,100%
InfDeath=4
CellSpread=2
PercentAtMax=.25
WallAbsoluteDestroyer=Yes

[Russians]
Name=Russians
Side=Nod
Color=DarkRed
Prefix=B
Suffix=Soviet
SmartAI=yes
CostUnitsMult=1
ParentCountry=Russians

[SHK]
Name=Shock Trooper
UIName=Name:SHK
TechLevel=-1

[Sapper]
ROF=50

[Special]
Name=Special
Side=Mutant
Color=Grey
Prefix=J
Suffix=JP
SmartAI=yes
CostUnitsMult=1
ParentCountry=Special

[TESLA]
TechLevel=12

[Tiberiums]
0=Riparius
1=Cruentus
2=Vinifera
3=Aboreus


[Preview]

[PreviewPack]

[01000026]
0=4,E1
Name=4 GIs
Group=-1

[01000027]
0=3,16
1=5,10000
Name=4 GIs paradrop

[01000028]
Max=5
Full=yes
Name=4 GIs paradrop
Group=-1
House=Americans
Script=01000027
Whiner=no
Droppod=yes
Suicide=no
Loadable=no
Prebuild=no
Priority=5
Waypoint=Q
Annoyance=no
IonImmune=no
Recruiter=no
Reinforce=yes
TaskForce=01000026
TechLevel=0
Aggressive=no
Autocreate=yes
GuardSlower=no
OnTransOnly=no
AvoidThreats=no
LooseRecruit=no
VeteranLevel=1
IsBaseDefense=yes
UseTransportOrigin=no
OnlyTargetHouseEnemy=no
TransportsReturnOnUnload=no
AreTeamMembersRecruitable=no

[AITriggerTypesEnable]
0A31295C-G=yes
0A44F17C-G=yes
0A44F2CC-G=yes
0A452C6C-G=yes
0A452E5C-G=yes
0AA845AC-G=yes
0AA846FC-G=yes
0AD2BAEC-G=yes
0C0C7AEC-G=yes
0C0D184C-G=yes
0C0D251C-G=yes
0C1245AC-G=yes
0C1246FC-G=yes
0C32599C-G=yes
0C32D84C-G=yes
0C87B45C-G=yes
0C87B99C-G=yes
0C87E5AC-G=yes
0C8B81BC-G=yes
0C8BC5AC-G=yes
0C8C2AEC-G=yes
0C8C2C3C-G=yes
0C8C430C-G=yes
0C8C4C3C-G=yes
0C8C51BC-G=yes
0C8C56FC-G=yes
0C8C645C-G=yes
0C8C6EDC-G=yes
0C8C71BC-G=yes
0C8E2C3C-G=yes
0C8EE1BC-G=yes
0C8EEAEC-G=yes
0C8EEEDC-G=yes
0C91D45C-G=yes
0C92C1BC-G=yes
0C92C45C-G=yes
0C955AEC-G=yes
0C955C3C-G=yes
0C9561BC-G=yes
0C9565AC-G=yes
0C96F45C-G=yes
0C96F5AC-G=yes
0CA1F84C-G=yes
0CA24D8C-G=yes
0CA2A04C-G=yes
0CA2B06C-G=yes
0CA2D99C-G=yes
0CA2FEDC-G=yes
0CA5945C-G=yes
0CA6621C-G=yes
0CA6AEDC-G=yes
0CAD0B2C-G=yes
0CAD0C7C-G=yes
0CAD0DCC-G=yes
0CAD130C-G=yes
0CAD145C-G=yes
0CAD25AC-G=yes
0CAD2AEC-G=yes
0CAD2C3C-G=yes
0CAD5AEC-G=yes
0CADD99C-G=yes
0CADDEDC-G=yes
0CB29EDC-G=yes
0CB2CEDC-G=yes
0CDF899C-G=yes
0CDF8D8C-G=yes
0CDF8EDC-G=yes
0CE2395C-G=yes
0CE23AAC-G=yes
0CE26B5C-G=yes
0CE26CAC-G=yes
0CE2E8DC-G=yes
0CE2EA2C-G=yes
0CE44D0C-G=yes
0D022B1C-G=yes
0D022C6C-G=yes
0D052AEC-G=yes
0D0803CC-G=yes
0D08461C-G=yes
0D0848BC-G=yes
0D084A0C-G=yes
0D084B5C-G=yes
0D0873DC-G=yes
0D087D8C-G=yes
0D0B3B9C-G=yes
0D2769BC-G=yes
0D2C41EC-G=yes
0D2C448C-G=yes
0D2C45DC-G=yes
0D53099C-G=yes
0D53130C-G=yes
0D53430C-G=yes
0D535EDC-G=yes
0D62145C-G=yes
0D6215AC-G=yes
0D6216FC-G=yes
0D62199C-G=yes
0ECCB2BC-G=yes
0ECCB40C-G=yes
0ECCB55C-G=yes
0ECCB7FC-G=yes
0ECCBC3C-G=yes
0ECCF14C-G=yes
0ECCF29C-G=yes
0ECCF68C-G=yes
0ECCFA7C-G=yes
0ECCFCAC-G=yes

[Actions]
01000000=3,3,0,0,0,0,0,0,A,13,0,0,0,0,0,0,A,74,0,0,0,0,0,0,A
01000002=3,3,0,1,0,0,0,0,A,13,0,1,0,0,0,0,A,74,0,1,0,0,0,0,A
01000004=3,3,0,2,0,0,0,0,A,13,0,2,0,0,0,0,A,74,0,2,0,0,0,0,A
01000006=3,3,0,3,0,0,0,0,A,13,0,3,0,0,0,0,A,74,0,3,0,0,0,0,A
01000008=3,3,0,4,0,0,0,0,A,13,0,4,0,0,0,0,A,74,0,4,0,0,0,0,A
01000010=3,3,0,5,0,0,0,0,A,13,0,5,0,0,0,0,A,74,0,5,0,0,0,0,A
01000012=3,3,0,6,0,0,0,0,A,13,0,6,0,0,0,0,A,74,0,6,0,0,0,0,A
01000014=3,3,0,7,0,0,0,0,A,13,0,7,0,0,0,0,A,74,0,7,0,0,0,0,A
01000016=3,3,0,11,0,0,0,0,A,13,0,11,0,0,0,0,A,74,0,11,0,0,0,0,A
01000018=3,3,0,12,0,0,0,0,A,13,0,12,0,0,0,0,A,74,0,12,0,0,0,0,A
01000020=2,17,0,0,0,0,0,0,A,54,2,01000020,0,0,0,0,A
01000022=2,113,0,0,0,0,0,0,A,67,0,0,0,0,0,0,A
01000024=1,7,1,01000028,0,0,0,0,A
01000029=1,7,1,01000028,0,0,0,0,A
01000031=1,7,1,01000028,0,0,0,0,A
01000033=1,7,1,01000028,0,0,0,0,A
01000035=1,7,1,01000028,0,0,0,0,A
01000037=1,7,1,01000028,0,0,0,0,A
01000039=1,7,1,01000028,0,0,0,0,A
01000041=1,7,1,01000028,0,0,0,0,A

[Africans House]
IQ=5
Edge=North
Color=DarkRed
Allies=Africans House
Country=Africans
Credits=0
NodeCount=0
TechLevel=10
PercentBuilt=100
PlayerControl=no

[Alliance House]
IQ=5
Edge=North
Color=Gold
Allies=Alliance House
Country=Alliance
Credits=0
NodeCount=0
TechLevel=10
PercentBuilt=100
PlayerControl=no

[Americans House]
IQ=5
000=GAPILE,73,36
001=GAPILL,70,34
002=GAPILL,70,31
003=GAPILL,75,31
004=GAPILL,75,34
005=GAPILL,76,47
006=GAPILL,76,43
Edge=North
Color=DarkBlue
Allies=Americans House
Country=Americans
Credits=250
NodeCount=7
TechLevel=3
PercentBuilt=100
PlayerControl=no

[Arabs House]
IQ=5
Edge=North
Color=DarkRed
Allies=Arabs House
Country=Arabs
Credits=0
NodeCount=0
TechLevel=10
PercentBuilt=100
PlayerControl=no

[Basic]
Win=<none>
Lose=<none>
Name=
Brief=<none>
Intro=A01_f00e
Theme=No theme
Action=<none>
Player=Russians House
Percent=0
Briefing=Brief:ALL01
GameMode=standard
HomeCell=98
InitTime=10000
Official=yes
EndOfGame=no
FillSilos=no
FreeRadar=yes
MaxPlayer=8
MinPlayer=2
PostScore=<none>
SkipScore=no
TrainCrate=no
TruckCrate=no
AltHomeCell=98
OneTimeOnly=no
CarryOverCap=0
NewINIFormat=4
NextScenario=GDI2A.map
PreMapSelect=<none>
TimerInherit=no
SkipMapSelect=no
CarryOverMoney=0.000000
AltNextScenario=GDI9C.MAP
MultiplayerOnly=0
IceGrowthEnabled=no
StartingDropships=0
VeinGrowthEnabled=no
TiberiumGrowthEnabled=no
IgnoreGlobalAITriggers=yes
TiberiumDeathToVisceroid=no

[British House]
IQ=5
Edge=North
Color=Gold
Allies=British House
Country=British
Credits=0
NodeCount=0
TechLevel=10
PercentBuilt=100
PlayerControl=no

[Confederation House]
IQ=5
Edge=North
Color=DarkRed
Allies=Confederation House
Country=Confederation
Credits=0
NodeCount=0
TechLevel=10
PercentBuilt=100
PlayerControl=no

[Countries]
0=Americans
1=Alliance
2=French
3=Germans
4=British
5=Africans
6=Arabs
7=Confederation
8=Russians
11=Neutral
12=Special

[Events]
01000000=1,13,0,10
01000002=1,13,0,10
01000004=1,13,0,10
01000006=1,13,0,10
01000008=1,13,0,10
01000010=1,13,0,10
01000012=1,13,0,10
01000014=1,13,0,10
01000016=1,13,0,10
01000018=1,13,0,10
01000020=1,13,0,1
01000022=1,10,0,0
01000024=1,13,0,1
01000029=1,15,0,1
01000031=1,15,0,2
01000033=1,15,0,3
01000035=1,15,0,5
01000037=1,15,0,7
01000039=1,15,0,9
01000041=1,15,0,11

[French House]
IQ=5
Edge=North
Color=Gold
Allies=French House
Country=French
Credits=0
NodeCount=0
TechLevel=10
PercentBuilt=100
PlayerControl=no

[Germans House]
IQ=5
Edge=North
Color=Gold
Allies=Germans House
Country=Germans
Credits=0
NodeCount=0
TechLevel=10
PercentBuilt=100
PlayerControl=no

[Houses]
0=Americans House
1=Alliance House
2=French House
3=Germans House
4=British House
5=Africans House
6=Arabs House
7=Confederation House
8=Russians House
11=Neutral House
12=Special House

[Infantry]
0=Americans House,E1,256,81,46,1,Guard,64,None,0,-1,0,1,0
1=Americans House,E1,256,82,46,1,Guard,64,None,0,-1,0,1,0
2=Americans House,E1,256,82,46,2,Guard,64,None,0,-1,0,1,0
3=Americans House,E1,256,81,46,2,Guard,64,None,0,-1,0,1,0
4=Americans House,E1,256,83,46,1,Guard,64,None,0,-1,0,1,0
5=Americans House,E1,256,83,46,2,Guard,64,None,0,-1,0,1,0
6=Americans House,DOG,256,77,37,1,Guard,64,None,0,-1,0,1,0
7=Americans House,DOG,256,77,38,1,Guard,64,None,0,-1,0,1,0
8=Americans House,DOG,256,77,39,1,Guard,64,None,0,-1,0,1,0

[IsoMapPack5]
1=MQ0AIAABMgABAP//AAAABgAxAAIA//8AAEkBMigpADMoKwAwAAPhBDEoKQAyKCkAMygpAD
2=QoKwAvAAT5BjAoKQAxKCkAMigpADMoKQA0KCkANSgrAC4ABfEJLygpADAoKQAxKCkAMigp
3=ADMoKQA0KCkANSgpADZKAfkBkR8tQCDdIC4oKQAvKCkAMCgpADEoKQAyKCkAMygpADQoKQ
4=A1SQH3qQw2SQHtqQE3SQHxqwEsAAftGy0oKQAuKCkALygpADAoKQAxKCkAMigpADMoKQA0
5=SAHBDzVIAcEPNigpADcoKQA4SAHbESsACPkRLCgpAC0oKQAuKCkALygpADAoKQAxKCkAMi
6=gpADNIAdkRNEgB2RE1KCkANigpADcoKQA4KCkAOUgB0xQqAAnxFCsoKQAsKCkALSgpAC4o
7=KQAvKCkAMCgpADEoKQAySAHRFDNIAdEUNCgpADUoKQA2KCkANygpADgoKQA5KCkAOkgByx
8=cpAArpFyooKQArKCkALCgpAC0oKQAuKCkALygpADAoKQAxSAHJFzJIAckXMygpADQoKQA1
9=KCkANigpADcoKQA4KCkAOSgpADooKQA7SAHDGigAC+EaKSgpACooKQArKCkALCgpAC0oKQ
10=AuKCkALygpADBIAcEaMUgBwRoyKCkAMygpADQoKQA1KCkANigpADcoKQA4KCkAOSgpADoo
11=KQA7KCkAPEgB2xwnAAz5HCgoKQApKCkAKigpACsoKQAsKCkALSgpAC4oKQAvSQH7pYEwSQ
12=HyqQExKCkAMigpADMoKQA0KCkANSgpADYoKQA3KCkAOCgpADkoKQA6KCkAOygpADxJAfSt
13=ED1JASarASYADfEfJygpACgoKQApKCkAKigpACsoKQAsKCkALSgpAC5JASWpDC8oKQAwKC
14=kAMSgpADIoKQAzKCkANCgpADUoKQA2KCkAN0kBNkgMAQQGADhIAdUNOSgpADpIAWAEAQcG
15=ADtIAcEEPEkBL1gGXbQ9SQErqQE+yAEDAQYAJQAO6SImKCkAJygpACgoKQApKCkAKigpAC
16=soKQAsKCkALUgBbBBJDC4oKQAvKCkAMCgpADEoKQAyKCkAMygpADQoKQA1KCkANigpADdI
17=AXEfCHYjDgBoAQEJBgA51AIBCgYAOskBC3YjDgDFEzxUAnQjUSo9SAF0IwEDBgA+yAFVAj
18=/IAQMFBgAkAA/hJSUoKQAmKCkAJygpACgoKQApKCkAKigpACsoKQAsSAF4EQECBgAtKCkA
19=LigpAC8oKQAwKCkAMSgpADIoKQAzKCkANCgpADUoKQA2KCkAN0gBYSUMbSYPjSYNbCapAQ
20=5sJqkBD20mD4wmURQ8WAZsJkktPUgBbSYGbiYPAGgBVU8/1AJBBEBJAf2rTiMAEPknJCgp
21=ACUoKQAmKCkAJygpACgoKQApKCkAKigpACtIAdmrLEkB77UNLSgpAC4oKQAvKCkAMCgpAD
22=EoKQAyKCkAMygpADQoKQA1KCkANkkB87UNN0kB9akBOEgBcSoRZSkQkSoSZikQANGjO0AE
23=2QY8SAHZBj1JATlECIYpEABoAYQpqAGEKagBVVpBTgXqAEAAAgYAIgAR8SojKCkAJCgpAC
24=UoKQAmKCkAJygpACgoKQApKCkAKkgB0SorSQHtRBNBiCwoKQAtKCkALigpAC8oKQAwKCkA
25=MSgpADIoKQAzKCkANCgpADVJAfC1DTZJAbOpATfIAU2JOMgBQVE5yAFFdjrIAUV2O8gBRX
26=Y8yAFRKj1IAXAqWX8+yAFZXj/IAQENBgBAyAFZXkFIAXwrVQ1CKCsAIQAS6S0iKCkAIygp
27=ACQoKQAlKCkAJigpACcoKQAoKCkAKUgByS0qSQHtpR4rKCkALCgpAC0oKQAuKCkALygpAD
28=AoKQAxKCkAMigpADMoKQA0KCkANUgBJ9YFEgB0LlVPN1QCaAFVTzjIAVVPOcgBjKqsBVEq
29=O9QCUSo8yAEBDQYAPUgBdS4QfYMSlFpdYj/UAl1iQEgB0R9BSAHRd0IoKQBDSQHxqyIgAB
30=PhMCEoKQAiKCkAIygpACQoKQAlKCkAJigpACcoKQAoSAHNEClJAe21DSooKQArKCkALCgp
31=AC0oKQAuKCkALygpADAoKQAxKCkAMigpADMoKQA0KCkANUkB8K0QNkgBYDBNUjfJAQ9ttR
32=OFNBBkjKkBEWSMqAFRKjvMBQETBgA8yQEUbjETACUVJD5UAmgBQVw/yAFZaUBJAfahD0FI
33=Ad0gQigpAEMoKQBESQHxrwUfABT5MiAoKQAhKCkAIigpACMoKQAkKCkAJSgpACYoKQAnSA
34=HZMihIAdkRKSgpACooKQArKCkALCgpAC0oKQAuKCkALygpADAoKQAxKCkAMigpADMoKQA0
35=KCkANUkB8LEfNkgBZDQBFQYAN8kBFmU0FIU0F2Q0qQEYZDSpARl06akBGmQ0qQEbZTQUKI
36=QGqAGENKgBhzQUAPahD0FUDckiQigpAEMoKQBEKCkARUgB0zUeABXxNR8oKQAgKCkAISgp
37=ACIoKQAjKCkAJCgpACUoKQAmSQH3pRMnSAHFEygoKQApKCkAKigpACsoKQAsKCkALSgpAC
38=4oKQAvKCkAMCgpADEoKQAyKCkAMygpADQoKQA1KCkANkkB770VNygpADgoKQA5KCkAOigp
39=ADtJAfO5BjxJAfWpAT1IAXlpAHacFQBoAZw2qAGdNhUo3gYVANUjQlgGyQFDKCkARCgpAE
40=UoKQBGSAHLOB0AFuk4HigpAB8oKQAgKCkAISgpACIoKQAjKCkAJCgpACVIAck4JkgBxRMn
41=KCkAKCgpACkoKQAqKCkAKygpACwoKQAtKCkALigpAC8oKQAwKCkAMSgpADIoKQAzKCkANC
42=gpADUoKQA2KCkANygpADgoKQA5KCkAOkgB0Xc7SQHYqTg8SQHQqQE9SAFpOAB2ORYAaAGU
43=OagBlTkWKDUHFig0BycpAENECNknRCgpAEUoKQBGKCkAR0gBwzscABfhOx0oKQAeKCkAHy
44=gpACAoKQAhKCkAIigpACMoKQAkSQH7rRslSQHyqQEmKCkAJygpACgoKQApKCkAKigpACso
45=KQAsKCkALSgpAC4oKQAvKCkAMCgpADEoKQAyKCkAMygpADQoKQA1KCkANigpADcoKQA4KC
46=kAOSgpADpJAfS5HDtJAdepATxKARYCI9ksPUgBYTsAbjwXAGgBjDyoAY08FyiNBxcojAcn
47=KQBDRAgnjAcnVQBFKFUARigpAEcoKQBISAHbPRsAGPk9HCgpAB0oKQAeKCkAHygpACAoKQ
48=AhKCkAIigpACNIASI5OQAixToYI9A2SQElKFUAJigpACcoKQAoKCkAKSgpACooKQArKCkA
49=LCgpAC0oKQAuKCkALygpADAoKQAxKCkAMigpADMoKQA0KCkANSgpADYoKQA3KCkAOCgpAD
50=koKQA6KCkAOygpADwoKQA9SAEimDpJIj7IAYU/GCPwOoU/GCjlBxgo5AcnKQBDWAYn5Acn
51=VQBFKFUARigpAEcoKQBIKCkASUgB00AaABnxQBsoKQAcKCkAHSgpAB4oKQAfKCkAICgpAC
52=EoKQAiSAFwQE0bIygpACQoKQAlKCkAJigpACcoKQAoKCkAKSgpACooKQArKCkALCgpAC0o
53=KQAuKCkALygpADAoKQAxKCkAMigpADMoKQA0KCkANSgpADYoKQA3KCkAOCgpADkoKQA6KC
54=kAOygpADwoKQA9SAF9QQNlgRmQQAEEBgA/1QIFIl04GSg9CBkoPAgnKQBDTAUnPAgnVQBF
55=KFUARigpAEcoKQBIKCkASSgpAEpIActDGQAa6UMaKCkAGygpABwoKQAdKCkAHigpAB8oKQ
56=AgKCkAIUgBaENNXSIoKQAjKCkAJCgpACUoKQAmKCkAJygpACgoKQApKCkAKigpACsoKQAs
57=KCkALSgpAC4oKQAvKCkAMCgpADEoKQAyKCkAMygpADQoKQA1KCkANigpADcoKQA4KCkAOS
58=gpADooKQA7KCkAPCgpAD1IAXVEBnVEGpVEB3REqQEIdUQaKJUIGiiUCCcpAENECCeUCCdV
59=AEUoVQBGKCkARygpAEgoKQBJKCkASigpAEtIAcNGGAAb4UYZKCkAGigpABsoKQAcKCkAHS
60=gpAB4oKQAfKCkAIEgBJWEoIUgBJdksIigpACMoKQAkKCkAJSgpACYoKQAnKCkAKCgpACko
61=KQAqKCkAKygpACwoKQAtKCkALigpAC8oKQAwKCkAMSgpADIoKQAzKCkANCgpADUoKQA2KC
62=kANygpADgoKQA5KCkAOigpADsoKQA8SAHZMj1IASKAIYbOGwBoAVWyP9QCVXBASAEnVjcb
63=ACV9JkJUAskBQygpAEQoKQBFKCkARigpAEcoKQBIKCkASSgpAEooKQBLKCkATEgBJTczFw
64=Ac+UgYKCkAGSgpABooKQAbKCkAHCgpAB0oKQAeKCkAH0gB2UggSAHRYSEoKQAiKCkAIygp
65=ACQoKQAlKCgABSYAHADtAQAAEQAAGQ4AIAgABgAnABwA7QEAAEgBASgAHADJASkoKQAqKC
66=kAKygpACwoKQAtKCkALigpAC8oKQAwKCkAMSgpADIoKQAzKCkANCgpADUoKQA2KCkANygp
67=ADgoKQA5KCkAOigpADsoKQA8SQHwuRw9SQE5SAEBEAYAPsgBAREGAD/IAQESBgBASQH8QA
68=RJIkFJAY1QI0kBQkkBiakBQygpAEQoKQBFKCkARigpAEcoKQBIKCkASSgpAEooKQBLKCkA
69=TCgpAE1JAYugDwMWAB0A//9PAQYAFygpABgoKQAZKCkAGigpABsoKQAcKCkAHSgpAB5JAf
70=elHh9IAdFAICgpACEoKQAiKCkAIygpACQoKQAlKCkAJigpACcoKQAoKCkAKSgpACooKQAr
71=KCkALCgpAC0oKQAuKCkALygpADAoKQAxKCkAMigpADMoKQA0KCkANSgpADYoKQA3KCkAOC
72=gpADkoKQA6KCkAOygpADxJAfClKT1JASapAT7JAQF+TB0AdQICfkwdANFLQUEEilw6AQAG
73=AEJJAay5BkNJAaSpAUQoKQBFKCkARigpAEcoKQBIKCkASSgpAEooKQBLKCkATCgpAE0oKQ
74=BOSQGmow8VAB7pThYoKQAXKCkAGCgpABkoKQAaKCkAGygpABwoKQAdSQH7qQweSQHyqQEf
75=KCkAICgpACEoKQAiKCkAIygpACQoKQAlKCkAJigpACcoKQAoKCkAKSgpACooKQArKCkALC
76=gpAC0oKQAuKCkALygpADAoKQAxKCkAMigpADMoKQA0KCkANSgpADYoKQA3KCkAOCgpADko
77=KQA6KCkAOygpADxIASf2CR4AfUwAdJyoAZRPqAGXTx4AjqlOQVgGyU5CSQGirTFDKCkARC
78=gpAEUoKQBGKCkARygpAEgoKQBJKCkASigpAEsoKQBMKCkATSgpAE4oKQBPSAHDURQAH+FR
79=FSgpABYoKQAXKCkAGCgpABkoKQAaKCkAGygpABxJASWlHh0oKQAeKCkAHygpACAoKQAhKC
80=kAIigpACMoKQAkKCkAJSgpACYoKQAnKCkAKCgpACkoKQAqKCkAKygpACxJASq9FS3IAUE7
81=LsgBQTsvSAHBGjAoKQAxKCkAMigpADMoKQA0KCkANSgpADYoKQA3KCkAOEkBL60QOcgBTR
82=A6yAFNEDvIAQEDBgA8SQH4rQU9SAEnTgofAGgBWQY/1AJZBkBIASdPCh8Aq7kGQlQCJ04K
83=HwDJAUQoVQBFKCkARigpAEcoKQBIKCkASSgpAEooKQBLKCkATCgpAE0oKQBOKCkATygpAF
84=BIAdtTEwAg+VMUKCkAFSgpABYoKQAXKCkAGCgpABkoKQAaKCkAG0gBdDlBJRwoKQAdKCkA
85=HigpAB8oKQAgKCkAISgpACIoKQAjKCkAJCgpACUoKQAmKCkAJygpACgoKQApKCkAKigpAC
86=soKQAsSAFkVVFALcgBAQQGAC7IAQEFBgAvSAHNGzAoKQAxKCkAMigpADMoKQA0KCkANSgp
87=ADYoKQA3KCkAOEgBZFVBDznIAUEPOsgBAQYGADvJAQdmVSAAJ6UKIJlTAHSnqAFBMD9MBX
88=BWhVUgKPUUICilCiD5U0NMBSekCidVAEUoVQBGKCkARygpAEgoKQBJKCkASigpAEsoKQBM
89=SQGnqWRNKCkATigpAE9IAc0QUCgpAFFIAdNWEgAh8VYTKCkAFCgpABUoKQAWKCkAFygpAB
90=goKQAZKCkAGkgBYDtBJRsoKQAcKCkAHSgpAB4oKQAfKCkAICgpACEoKQAiKCkAIygpACQo
91=KQAlKCkAJigpACcoKQAoKCkAKSgpACooKQArKCkALEgBfFdVRC3IAVVELskBCH5XIQDZHD
92=BUAskBMSgpADIoKQAzKCkANCgpADUoKQA2KCkANygpADhIAXxXVQ05yAEBCQYAOskBCn5X
93=IQBhBAt9VyEo/gohAGVVAHxXqAGcV6gBWTJARAgnpRUhKP0KISj8CicpAERMBdlIRSgpAE
94=YoKQBHKCkASCgpAEkoKQBKKCkAS0kBpbFWTEsBWAMAIuk5TUkB+bUCTkkBWbUCT0gBzcBQ
95=SAHNEFEoKQBSSAHLWREAIulZEigpABMoKQAUKCkAFSgpABYoKQAXKCkAGCgpABlIASWdKh
96=pJAfOxFBsoKQAcKCkAHUkB76EEHkkB8akBH0gBJXUlIEgBJUEvISgpACJIAdUYI0gBJYE3
97=JCgpACUoKQAmKCkAJygpACgoKQApKCkAKigpACsoKQAsSAHJQy3IAUlDLsgBSUMvSAElMT
98=gwSAHBGjEoKQAySAHNGzNJASdEOAEABQA0SgEJAk8BBQA1KCkANigpADcoKQA4SQEoSAVZ
99=BjlIASU1PjrJARF2WiIAdQISdVoiKFYLIgDJFz5MBWgBSRc/yAFJF0BIASdXCyIAr6EwQl
100=QCzUdDKCkARCgpAEUoKQBGKCkARygpAEgoKQBJKCkASigpAEtIASdWCyIAwUZNVAIlLT1O
101=SQH1uRFPSAEnVQsi/W1RVALRFFIoKQBTSAHLQxAAI+FcESgpABIoKQATKCkAFCgpABUoKQ
102=AWSQGzrRAXyAFZJxjIAVknGcgBQfYayAFd5hvIAV3mHMgBRaIdSQH2sQkeSAEl1TEfSAHN
103=GyBIAcEaISgpACIoKQAjSAHRYSQoKQAlKCkAJkgB0R8nSQG1VA1JQyjIAUlDKcgBARMGAC
104=rIAQEUBgArSAHNaCxIAXREAQAGAC3IAUUeLsgBRR4vSAHVGDBIAdE1MSgpADJIAc0bM0kB
105=BqFcNEgBI+Q+b10jAIWpWTZUAskBN0kBh7UCOEkBALkGOUgB2RE6yAFZETvIAVkRPEgBJw
106=YiIwDNBT5UAmgBTQU/yAFNBUBJAZBrDAYAQUgBlA0i9UAj8blDVALBMEQoKQBFKCkARigp
107=AEcoKQBIKCkASSgpAEooKQBLSQGlTDEBAAYATEkBW621TUgBJdFMTkkBWrUCT0gB3UFQSA
108=HZEVEoKQBSKCkAUygpAFRIAcc/DwAk+V4QKCkAESgpABIoKQATKCkAFCgpABUoKQAWSAFk
109=YFn4F8gBQesYyAFB6xnIAUHrGsgBQesbyAEBDAYAHMgBAQ0GAB1IAc1HHkgB1UQfSAHFHi
110=BIAcUeISgpACIoKQAjKCkAJCgpACUoKQAmSAHJLSdIAWRgARgGACjIAQEZBgApyQEaZmAk
111=AGEEG2RgJ80ELEAEbEdRNS3IAVlILsgBWUgvSAHVGDBJAe2hOzEoKQAySAHNGzNIAScHDC
112=QAjHRPZ2AkAIOpATZABMkBN0kBhrUCOEgBJwUMJJy6TRA6VAJkE0kBO8gBWRE8SAHZSD1I
113=AWAESRc+yAFNBT/IAU0FQEkBsr0VQUkBknQNZWAk4b9DVQKnoQREKCkARSgpAEYoKQBHKC
114=kASCgpAEkoKQBKKCkASygpAExJAaipDE0oKQBOKCkAT0gBzRBQKCkAUSgpAFIoKQBTKCkA
115=VEgBzUdVSQGmqwwOACXxYQ8oKQAQKCkAESgpABIoKQATKCkAFCgpABUoKQAWSAF9Yg4iXl
116=klAGgBAQ8GABjUAgEQBgAZyAFdrxrIAV2vG8gBXa8cyAFdrx1IAcVKHkkB8KkXH0gBJ10M
117=JfXeIVQC2RwiKCkAIygpACQoKQAlSAHFKSZJAam9CidIAXheTdYoyAFN1inIAU3WKsgBTd
118=YrSQHptUQsSAHRSy3IAVFLLsgBUUsvSAHVGDBIASddDCUmiWQyVALNGzNIASddDCUoXQwl
119=KFwMJykAN00Fhm8QBQA4SQFwdxgFADlIASK8I1EUOkkBLVQCWRE7yAFZETxIASJ8MVFhPU
120=kBJ0AESQE+yAFNBT/IAU0FQEgBzQVBSQHrrQVCSAHVAkMoKQBEKCkARSgpAEYoKQBHKCkA
121=SCgpAEkoKQBKKCkASygpAEwoKQBNKCkATigpAE8oKQBQSAEiCDNBGlHIAUEaUsgBQRpTyA
122=FNPFRIAdlIVUgBzUdWSQGmuxwNACbpZA4oKQAPKCkAECgpABEoKQASKCkAEygpABQoKQAV
123=SQH5qQwWSAFpZBV1ZSaVZRZ0ZakBF3RlqAFNtRrMBQEZBgAbyAFNtRzIAU21HUkB9r0KHk
124=gBxUofSAHZHCBIAdkcISgpACIoKQAjSAHdYiRIAd1iJUgBfGJd2ybIAV3bJ8gBXdsoyQEL
125=dcgmiMdd2yrVAg12yCYAdGVNMSxUAie0DFgJXBVVAi7UAkU0L0gB1RgwSQHtQARVOTEoKQ
126=AySAHNGzNIASe1DCYotQwmKLQMJykAN00FhvZlJgB1ZQF2ZSYAdGVJFzpABHRlTX47yAFN
127=fjxIAWxdURQ9SAF0ZU1HPsgBTQU/yAFNBUBIAc0FQUkB60gXWQZCSAHVAkMoKQBEKCkARS
128=gpAEYoKQBHKCkASCgpAEkoKQBKKCkASygpAEwoKQBNKCkATigpAE8oKQBQSAF0ZVUYUcgB
129=VRhSyAFBiFPIAQEHBgBUSAHZSFVIAdlIVigpAFdJAaZEHlM1DAAn4WcNKCkADigpAA8oKQ
130=AQKCkAESgpABIoKQATKCkAFEkB96kMFUgByUMWSQHvtQIXKCkAGCgpABkoKQAaKCkAGygp
131=ABwoKQAdSAHdCh5IAd1MH0gB0R8gSAHRHyEoKQAiSAEldSUjSQG9fUwGUu0nAGgBUUAlVA
132=JuaA8GWSQniWQQIsR8qAFN4SjABE3hKcgBTeEqyAFN4StIAScsMlBvpR4tVAJ4aUkMLsgB
133=jmgnACcNDSf5zDFABM0bMkkB8KUIM0gBJw0NJygNDScoDA0nKQA3TQWGbBtkzgsnAAACAA
134=AABQA5ACcAOREAABYOACAIAQAAEAYAOgAnAC1IAQIHBgA7AKgBAQgGADxJASVUAgECBgA9
135=SQEnSAEBBgYAPsgBTQU/yAFNBUBIAc0FQUkB60wFWQZCSAHVAkMoKQBEKCkARSgpAEYoKQ
136=BHKCkASCgpAEkoKQBKKCkASygpAEwoKQBNKCkATigpAE8oKQBQSQEvUBRJF1HIAQEJBgBS
137=yAEBCgYAU8gBAQsGAFRJAatMBQEABgBVSQGiqQFWKCkAVygpAFhJAaagBAULACgA//8AAF
138=kGDCgpAA0oKQAOKCkADygpABAoKQARKCkAEigpABNJAfepDBRJAe2pARUoKQAWKCkAFygp
139=ABgoKQAZKCkAGigpABsoKQAcKCkAHSgpAB5JAfC1DR9IAckiIEgBySIhKCkAIkkBpa0FI0
140=kBvVggXUEkyAEBAwYAJUkBtUAEARYGACbKARcGUicoAHYCGAZMAqgBARkGAClQAXQCARoG
141=ACrIAQEbBgArSAHdKyxJASZQCUktLcgBAQEGAC7IAUEPL0kB9qEEMEgBzSYxKCkAMkgBzR
142=szSgEGAkMWBQA0SQGQRAEBAAUANUkBiKkBNigpADdJAYq1AjhJAQC5BjlIAdkROsgBWRE7
143=yAFZETxJAfm5ET1IAc0FPsgBTQU/yAFNBUBJAbKtBUFJAY93DQYAQkkBrLUCQ0kBpKkBRC
144=gpAEUoKQBGKCkARygpAEgoKQBJKCkASigpAEsoKQBMKCkATSgpAE4oKQBPKCkAUEgBxWBR
145=SAHNG1LIAU0bU8gBTRtUSAHZSFVIAdlIVigpAFcoKQBYKCkAWUgByQwKUEPRQAsoKQAMKC
146=kADSgpAA4oKQAPKCkAECgpABEoKQASSQH7sSoTSQHyqQEUKCkAFSgpABYoKQAXKCkAGCgp
147=ABkoKQAaKCkAGygpABwoKQAdKCkAHkkB9KEPH0kBr6kBIEkBp6kBISgpACJJAam1AiNJAT
148=VIAUktJMgBSS0lSAHBJSYoKQAnKCkAKCgpACkoKQAqKCkAKygpACxIAcE7LcgBVQ0uyAFV
149=DS9JAfpMEEFyMEgB2ScxKCkAMkgBzRszSQEmdFp/bSkAA61oNVQCyQE2KCkANygpADhJAS
150=W5BjlJATG1DTrIAVkRO8gBWRE8SQH4oQQ9SAHJFz7IAU0FP8gBTQVASQGNfwoGAEFIAZR7
151=fm0pAMVVQ1QCxVVEKCkARSgpAEYoKQBHKCkASCgpAEkoKQBKKCkASygpAEwoKQBNKCkATi
152=gpAE8oKQBQSAHFrVFIAc0bUsgBTRtTyAFNG1RIAdUYVUgB1RhWKCkAVygpAFgoKQBZKCkA
153=WkgByW8JULHFSgooKQALKCkADCgpAA0oKQAOKCkADygpABAoKQARSAEi0CBNRxIoKQATKC
154=kAFCgpABUoKQAWKCkAFygpABhJATZEPwEEBgAZSAHdChooKQAbSAFgBAEHBgAcSAHBBB0o
155=KQAeKCkAHygpACBJASpcClEUIcgBSS0iyAFJLSNIAXRwAQUGACTJAQZ23ioAdAJVDSZUAt
156=UNJygpACgoKQApKCkAKigpACsoKQAsSQEsrRAtyAFNEC7IAU0QL0gByQwwSAF4HF0gMcgB
157=TRAySAHBBDNIAWAEVQI0SAHVAjUoKQA2KCkANygpADgoKQA5SAF0cFH7OsgBVQ07yAFdID
158=xIAScWDioAxVU+VAJoAUkXP8gBSRdASQGO9nAqAMndQlQC0VZDKCkARCgpAEUoKQBGKCkA
159=RygpAEgoKQBJKCkASigpAEsoKQBMKCkATSgpAE4oKQBPKCkAUEgBJxQOJ20DUlQCzRtTyA
160=FNG1RIAScWDioAwRpWVALJAVcoKQBYKCkAWSgpAFooKQBbSAHDcggAKybBKQkoKQAKKCkA
161=CygpAAwoKQANKCkADigpAA8oKQAQSAF8QUU0ESgpABIoKQATKCkAFCgpABUoKQAWKCkAFy
162=gpABhIAWlOCG5zKwBoAQEJBgAa1AIBCgYAG8kBC25zKwDNEB1UAskBHigpAB8oKQAgSAFs
163=c0FRIcgBQVEiyAFBUSNIAXRwVQ0kyAFVDSXIAVUNJkgByQwnKCkAKCgpACkoKQAqKCkAKy
164=gpACxIAWxzTRAtyAFNEC7IAU0QL0gByQwwSAFwH10gMcgBRRMyyAFFEzPIAUUTNEgB2QY1
165=KCkANigpADcoKQA4KCkAOUgBbHNJkDrIAUF9O8gBQQ88SAEnbQ4rKGwOqAFFPz9ABGhZXV
166=dASAEnbQ4r+eJCVALdV0MoKQBEKCkARSgpAEYoKQBHKCkASCgpAEkoKQBKKCkASygpAEwo
167=KQBNKCkATigpAE8oKQBQSAEnbA6hGgAirDeoAU0bU0AEzRtUSAEnbQ4rKGwOJykAV0AE2R
168=xYKCkAWSgpAFooKQBbKCkAXEgB23QHACz5dAgoKQAJKCkACigpAAsoKQAMKCkADSgpAA4o
169=KQAPSAFoQ0U0ECgpABEoKQASKCkAEygpABQoKQAVKCkAFigpABcoKQAYSAFlVQxldiyFdg
170=1kdqkBDmR2qQEPZXYshHZZER1YBsUTHigpAB8oKQAgSAFkdllTIcgBWVMiyAFZUyNIAWR2
171=VQ0kyAFVDSXIAVUNJkgByQwnKCkAKCgpACkoKQAqKCkAKygpACxIAWR2TRAtyAFNEC7IAU
172=0QL0gByQwwSAHdIDFIAdUCMkgB1QIzyAFFEzRIAcEENSgpADYoKQA3KCkAOCgpADlIAWR2
173=RYE6yAFFgTvIAUWBPEgBJ8YOLAB9VwAidEaoAVVaP0AEdAJBMEBIASfFDiwoxQ4s4VxDQA
174=TVWkQoKQBFKCkARigpAEcoKQBIKCkASSgpAEooKQBLKCkATCgpAE0oKQBOKCkATygpAFBI
175=ASfEDqAaTRtSVAJgGk0bU8gBTRtUSAEnxA4nQQNWVALBGlcoKQBYKCkAWSgpAFooKQBbKC
176=kAXCgpAF1IAdN3BgAt8XcHKCkACCgpAAkoKQAKKCkACygpAAwoKQANKCkADkkB9yQtJw9J
177=Ae+pARBJAfOpAREoKQASKCkAEygpABQoKQAVKCkAFigpABcoKQAYSQHxvQoZSAFxVhF9eC
178=2JehJ+eC0A2REcQATZER0oKQAeKCkAH0kB8bEJIEgBZDRRNSHIAVE1IsgBUTUjSAHdCiRI
179=Ad0KJSgpACYoKQAnKCkAKCgpACkoKQAqKCkAKygpACwoKQAtKCkALigpAC8oKQAwKCkAMS
180=gpADIoKQAzKCkANCgpADUoKQA2KCkANygpADgoKQA5KCkAOigpADsoKQA8SAEl5Uk9SQE5
181=RClNJj7IAU0mP8gBAQMGAEBIAScdDy0oHQ8tKBwPJykAREwFxWBFKCkARigpAEcoKQBIKC
182=kASSgpAEooKQBLKCkATCgpAE0oKQBOKCkATygpAFBIASceDy0AyUNSVAJoAVkcU8gBWRxU
183=SAEnHA8nFQNWVALVGFcoKQBYKCkAWSgpAFooKQBbKCkAXCgpAF0oKQBeSAHLegUALuh6Is
184=xQJUk7ByhVAAgoKQAJKCkACigpAAsoKQAMKCkADUgBzV0OSQHtQDsBAAYAD0gB2T0QSQG4
185=tQIRyAFJIhLIAUkiE8gBRT8UyAFFCBXIAU0FFsgBTQUXyAFNBRhIAcXDGUkBCqkMGsgBWQ
186=YbSAElNVQcSAHFEx0oKQAeKCkAH0gB3RUgSAF8Nk0QIcgBUQkiyAFNECNIAd0KJEgB3Qol
187=KCkAJigpACcoKQAoKCkAKSgpACooKQArKCkALCgpAC0oKQAuKCkALygpADAoKQAxKCkAMi
188=gpADMoKQA0KCkANSgpADYoKQA3KCkAOCgpADkoKQA6KCkAOygpADxIAdknPUgB2Sc+SAFg
189=fQEHBgA/yAFdNkBIASd2Dy4AJb1PQlQCxWBDKCkARCgpAEUoKQBGKCkARygpAEgoKQBJKC
190=kASigpAEsoKQBMKCkATSgpAE5IASXNUU8oKQBQSAElzVFRSAHNG1LIAUlDU8gBSUNUSAHB
191=GlVIAdEJVigpAFdIAdkcWCgpAFkoKQBaKCkAWygpAFwoKQBdKCkAXigpAF9IAcN9BAAv4X
192=0FKCkABigpAAcoKQAIKCkACSgpAAooKQALKCkADEgBwX0NSAHZXg4oKQAPSAHRQBBIAWx+
193=AQQGABHIAQEFBgASyAEBBgYAE8gBSUMUyAFNBRXIAU0FFsgBTQUXyAFNBRhJAfyhfRlIAS
194=fODy8AaAFNMRtUAs1zHEgB0RQdKCkAHigpAB9IAd0VIEgBwTshyAFRCSLIAUE7I0gB3Qok
195=SAHdCiUoKQAmKCkAJygpACgoKQApKCkAKigpACsoKQAsKCkALSgpAC4oKQAvKCkAMCgpAD
196=EoKQAyKCkAMygpADQoKQA1KCkANigpADcoKQA4KCkAOSgpADooKQA7KCkAPEgB2Sc9SAHZ
197=Jz5IAW5+DAZOfi8AdAJZJ0BUAiOEaSK3WS8AhyTJS0JUAtVlQ0kBp6E7RCgpAEUoKQBGKC
198=kARygpAEgoKQBJKCkASigpAEsoKQBMKCkATUgByXpOSAElHVxPSQGJpRNQSQGLqQFRSQHs
199=pRNSyAFJQ1PIAU0bVEkBka0FVUgBxQhWSQGHtQJXSAHZHFhJAaexCVkoKQBaKCkAWygpAF
200=woKQBdKCkAXigpAF8oKQBgSQGqvwoDADD5fwQoKQAFKCkABigpAAcoKQAIKCkACSgpAAoo
201=KQALSAHZfwxIAcVgDSgpAA4oKQAPSAHJQxBIAWWBCGaBMABpAQlkgakBCmSBqAEBCwYAFC
202=itABXIAU0FFsgBTQUXyAFNBRhJAeq9KxlJAcqpARrIAUQ0ChsAMAD2AQAAAAYAHAARAABE
203=DgAgCDAA7QEAAAAGAB0AJykAHigpAB9LAfABAGEEIEkBJqkBIcgBAQEGACLIAQECBgAjSQ
204=H2oQQkSAHdCiUoKQAmKCkAJygpACgoKQApKCkAKigpACsoKQAsKCkALSgpAC4oKQAvKCkA
205=MCgpADEoKQAyKCkAMygpADQoKQA1KCkANigpADcoKQA4KCkAOSgpADooKQA7KCkAPEgB2S
206=c9SQE5VCMBEAYAPsgBAREGAD/IAQESBgBASQH5QARNMUFJAZBQLkkBQkkBiakBQygpAEQo
207=KQBFKCkARigpAEcoKQBIKCkASSgpAEooKQBLKCkATCgpAE0oKQBOSQGKrRBPSQGysRRQSg
208=H//1sCBgBRSAHJQ1LIAUlDU8gBSUNUSAHNBVVIAcUIVkgB2RxXSAHZHFgoKQBZKCkAWigp
209=AFsoKQBcKCkAXSgpAF4oKQBfKCkAYCgpAGFJAYtEF1wrAQIAMQDFEwMoKQAEKCkABSgpAA
210=YoKQAHKCkACCgpAAkoKQAKSQH3oSULSAHRYQwoKQANKCkADigpAA9JAfC5BhBJAbhIAQEM
211=BgARyAEBDQYAEsgBAQ4GABPIAQEPBgAUyAFNBRXIAU0FFsgBTQUXyAFNBRhJAepQH0U0GU
212=kBykgBRTQayAEBAwYAG0gB3XgcSQHtTBBBJR0oKQAeKCkAH0gB3RUgSAHRQCHIAUkMIsgB
213=SQwjSAHdCiRIAd0KJSgpACYoKQAnKCkAKCgpACkoKQAqKCkAKygpACwoKQAtKCkALigpAC
214=8oKQAwKCkAMSgpADIoKQAzKCkANCgpADUoKQA2KCkANygpADgoKQA5KCkAOigpADsoKQA8
215=SAHZJz1IAdknPsgBWSc/yAFZJ0BIAdknQUkB77kyQigpAEMoKQBESQHxoQRFSAHBXEZJAV
216=JYPVU5R0kBm6kBSEkBmKkBScgBQQ9KyAFNBUvIAVUCTMgBVQJNyAFVAk7IAVUCT8gBVQJQ
217=SQEZrRBRyAFVAlLIAUEaU8gBSU5UyAEBBAYAVUgBeBFNBVbIAV0KV8gBVQJYyAFVAlnIAV
218=UCWsgBVQJbyAFVAlzIAVUCXcgBVQJeyAFVAl/IAVUCYMgBVQJhyAFVAmLIAVcCAQAy6YUC
219=KCkAAygpAAQoKQAFKCkABigpAAcoKQAIKCkACUgByYUKSAHdYgsoKQAMKCkADSgpAA4oKQ
220=APSAHZSBBJAbhVLhB2hjIAaQERdIaoAVnME8EEE3SGtAJNBRXUAk0FFsgBTQUXyAFNBRhI
221=AdXTGUkBCkgMSSIayAFBJRtIAdlTHEgB1RgdKCkAHigpAB9JAfClCCBIAdleIcgBUQkiyA
222=FVRCNIAd0KJEgB3QolKCkAJigpACcoKQAoKCkAKSgpACooKQArKCkALCgpAC0oKQAuKCkA
223=LygpADAoKQAxKCkAMigpADMoKQA0KCkANSgpADYoKQA3KCkAOCgpADkoKQA6KCkAOygpAD
224=xIAdknPUgB2Sc+yAFZJz/IAVknQEgB2SdBSAHZJ0IoKQBDKCkAREgB3QpFSAHJhUZJAZ9/
225=gwIAR0gBdIYBAQIASEkBmFQCAQICAEnIAQEDAgBKyAFVAkvIAVUCTMgBVQJNyAFVAk7IAV
226=UCT8gBVQJQSAF0hgEFAgBRyAEBBgYAUsgBAQcGAFPIAQEIBgBUygEJAlaGMgB4EUUIVlQC
227=aAFdClfIAVUCWMgBVQJZyAFVAlrIAVUCW8gBVQJcyAFVAl3IAVUCXsgBVQJfyAFVAmDIAV
228=UCYcgBVQJiyAFVAmPIAVcCAgAz4YgDKCkABCgpAAUoKQAGKCkABygpAAhIAcmFCUgB1TkK
229=KCkACygpAAwoKQANKCkADigpAA9IAdk9EEkBuEFyFHaGMwBpARV0hqkBFiKsIakBF3SGqA
230=FNBRXYBk0FFsgBTQUXyAFNBRhJAfhcCkmFGUgBJ9YQMwBoAUVVG1UC9qEEHEgBwRodKCkA
231=HigpAB9IAd0VIEgB2V4hyAFRCSLIAVleI0gB3QokSAHdCiUoKQAmKCkAJygpACgoKQApKC
232=kAKigpACsoKQAsKCkALSgpAC4oKQAvKCkAMCgpADEoKQAyKCkAMygpADQoKQA1KCkANigp
233=ADcoKQA4KCkAOSgpADooKQA7KCkAPEgB2Sc9SAHZJz7IAVknP8gBWSdASAHZJ0FIAdknQi
234=gpAEMoKQBESAHdCkVJAaJQglk9RsgBSYVHSQE9bDx2hjMAaAFVAklVAjy1AkrIAVUCS0kB
235=O7UCTMgBVQJNSQE6tQJOyAFVAk9JAUa1AlBIAXWGCnaGMwBqAQsCVIaqAQwCVIaqAQ0CVI
236=apAQ50hrgRAQACAFZECMUTV0kBPr0KWMgBVQ1ZSQE/tQJayAFVAltIAc0FXMgBVQJdSAFw
237=CV0KXsgBVQJfSAHFHmDIAVUCYUgBxR5iyAFVAmNIAcUeZMgBVwIDADThiAQoKQAFKCkABi
238=gpAAdJAfd/FQYACEgByTgJKCkACigpAAsoKQAMKCkADSgpAA4oKQAPSAHZPRBIAWmFGHWG
239=NJWGGXSGqQEadIapARt0hqgBTQUV2AZNBRbIAU0FF8gBTQUYSQH4qRcZSAFohUVKGsgBRV
240=UbSAHZUxxIAc0bHSgpAB4oKQAfSAHdFSBIAdleIcgBUQkiyAFZXiNIAd0KJEgB3QolKCkA
241=JigpACcoKQAoKCkAKSgpACooKQArKCkALCgpAC0oKQAuKCkALygpADAoKQAxKCkAMigpAD
242=MoKQA0KCkANSgpADYoKQA3KCkAOCgpADkoKQA6KCkAOygpADxIAdknPUgB2Sc+yAFZJz/I
243=AVknQEgB2SdBSAHZJ0IoKQBDKCkAREgB3QpFSAF0hkUIRsgBUeVHSAFsaEnoSMgBVQJJSA
244=FsaFUCSsgBVQJLSAFsaFUCTMgBVQJNSAFsaFUCTsgBVQJPSAEn1hA0AMkBUShVAFIoKQBT
245=SAFkCF14VMgBVXBVSAHFE1bIAV0KV0gBZIFVDVjIAVUCWUgBdIZVAlrIAVUCW0gBzQVcyA
246=FVAl1IAd0KXsgBVQJfSAHFHmDIAVUCYUgBxR5iyAFVAmNIAXwVVQ1kyAFVAmVIAdscBAA1
247=4YgFKCkABkgByYUHSAHdNggoKQAJKCkACigpAAsoKQAMKCkADSgpAA4oKQAPKCkAEEgBJf
248=E6ESgpABIoKQATKCkAFCgpABUoKQAWKCkAFygpABhIAcVKGUgBJ9UQNSiuITUA2VMcQATZ
249=HB0oKQAeKCkAH0gB0QkgSAHZXiHIAVleIsgBUVYjSAHdCiRIAd0KJSgpACYoKQAnKCkAKC
250=gpACkoKQAqKCkAKygpACwoKQAtKCkALigpAC8oKQAwKCkAMSgpADIoKQAzKCkANCgpADUo
251=KQA2KCkANygpADgoKQA5KCkAOigpADsoKQA8SAHZJz1IAdknPsgBWSc/yAFZJ0BIAdknQU
252=gB2SdCKCkAQygpAERIAd0KRUgBdIZFw0bIAU1zR0gBZGtFdkjIAVUCSUgBZGtVAkrIAVUC
253=S0gBZGtVAkzIAVUCTUgBZGtVAk7IAVUCT0gBzWhQKCkAUSgpAFIoKQBTSAHVcFTIAVVwVU
254=gBxQhWKCkAV0gB1Q1YyAFVDVlIAc0FWigpAFtIAWyJRRNcyAFNBV1IAcUeXsgBVQJfSAHF
255=HmDIAVUCYUgBxR5iyAFVAmNIAc0QZMgBVQJlSAF0GFUNZsgBVAICBQA2APup8wZIAdE1By
256=gpAAgoKQAJKCkACigpAAsoKQAMKCkADSgpAA4oKQAPKCkAECgpABEoKQASKCkAEygpABQo
257=KQAVKCkAFigpABcoKQAYSAHFShlIASfVEDYo1RA2KNUQNii0ZCcpAB5YBt0gH0gB0QkgSA
258=HZXiHIAVleIsgBWV4jSAHZXiRIAcUIJSgpACYoKQAnKCkAKCgpACkoKQAqKCkAKygpACwo
259=KQAtSQHyvTYuKCkALygpADAoKQAxKCkAMigpADMoKQA0KCkANSgpADYoKQA3KCkAOCgpAD
260=koKQA6KCkAOygpADxJAfSxFD1IAdknPsgBWSc/yAFZJ0BJAfqtBUFIAc0bQigpAEMoKQBE
261=SAHdCkVIAXSGRQhGyAFNc0dIAWxoXeZIyAFVAklIAWxoVQJKyAFVAktIAWxoVQJMyAFVAk
262=1IAWxoVQJOyAFVAk9IAd14UCgpAFEoKQBSKCkAU0gBZAhdbVTIAV1tVUgBxQhWKCkAV0gB
263=bAVVDVjIAVUNWUgBzQVaKCkAW0gBdIZNBVzIAU0FXUgBxR5eyAFVAl9IAcUeYMgBVQJhSA
264=HFHmLIAVUCY0gBzRBkyAFVAmVIAXSGVQ1myAFVAmdIAcQTAQYANwDdNgdIAdleCCgpAAko
265=KQAKKCkACygpAAwoKQANKCkADigpAA8oKQAQKCkAESgpABIoKQATKCkAFCgpABUoKQAWKC
266=kAFygpABhIAcF9GUgBJ9UQNyjVEDco1RA3KNQQJykAHlgG0R8fSAHRCSBIAdleIcgBWV4i
267=yAFRViNIASfUECcxASVUAtEJJigpACcoKQAoKCkAKSgpACooKQArKCkALEgB2REtSwFaAw
268=Ai9XcuSAElGWEvSQGYUAJF7zDIAVEUMcgBVQIyyAFVAjPIAVUCNMgBVQI1yAFVAjbIAVUC
269=N8gBVQI4yAFVAjlIASLMUVUCOkgBwQ87yAFBBDxIASLAP0EEPcgBVQI+yAFNJj/JAQMijX
270=U3I3BAAQQGAEFUAtEJQsgBWQZDyAFRCUTIAVUCRUgBJQlURkgByVlHSAFka0V2SMgBRXZJ
271=SAFka1UCSsgBVQJLSAHZBkwoKQBNKCkATigpAE8oKQBQKCkAUSgpAFIoKQBTSAHVcFTIAV
272=1tVUgB1Q1WSQFLsTVXyAEKAQYAWAA3AKkAAAAABhEAABUPACAKAFkANwCpAAAAAQIAWkgB
273=BUYBAAAAAgBbSQFLRAEBAAYAXMgBAQEGAF1JAam1Al7IAVkGX0gB2QZgSAHZBmHIAVkGYk
274=gB2QZjyAFZBmRIAdkGZSgpAGYoKQBnKCkAaCgoAAIHADgA+nMUBgAISQHtqQEJKCkACigp
275=AAsoKQAMKCkADSgpAA4oKQAPKCkAECgpABEoKQASKCkAEygpABQoKQAVKCkAFigpABcoKQ
276=AYSQHwvRUZSQEKqQEayAFBJRtJAfa1AhxIAc0bHSgpAB4oKQAfSAHRCSBJASa5BiHIAVEJ
277=IsgBAQIGACNIAd0KJEgB3QolKCkAJigpACcoKQAoKCkAKSgpACooKQArKCkALEgB2REtSg
278=H//1tEBgAuSQGfRAFFSi9JAZhIAQECAgAwyAEBAwIAMcgBVQIyyAFVAjPIAVUCNMgBVQI1
279=yAFVAjbIAVUCN8gBVQI4yAFVAjlJAZtUDV1MOkgBwQ87yAFBBDxJARlMJgEFAgA9yAEBBg
280=YAPsgBAQcGAD/IAQEIBgBAyAEBCQIAQUgB0QlCyAFRCUPIAU0QRMgBVQJFSQE6SAxRH0bI
281=AVkRR0kBP1QCTQVIyAFNBUlJAT61AkrIAVUCS0gByWRMKCkATSgpAE4oKQBPKCkAUEkBGl
282=AJQQ9RyAFdQVLIAV1BU8gBAQMGAFTIAQEEAgBVSAHVDVZIAXx4TQVXSAHVOVhJAaVQKlGC
283=WcgBQRpaSAHZBltIAdkGXEgB2QZdSAHZBl7IAVkGX0gB2QZgSAHZBmFIAdkGYkgB2QZjyA
284=FZBmRIAdkGZSgpAGYoKQBnKCkAaCgpAGkoKwAIADnhiAlJAfJjJQYACigpAAsoKQAMKCkA
285=DSgpAA4oKQAPKCkAECgpABEoKQASKCkAEygpABQoKQAVKCkAFigpABcoKQAYSQH0sRQZSA
286=En1hA5AGgBQTsbVALFohxIAcEaHSgpAB4oKQAfSAHRCSBJATlcCkUIIcgBWT0iyAFJQyNI
287=ASfWEDkAJ9QQJykAJkAE1QInKCkAKCgpACkoKQAqKCkAKygpACxIASfWEDkA2T0uVAJoAV
288=k9L0kBRFAUSVkwSQFDqQExSQFCqQEySAHVAjNIAc0FNEgB1UQ1SQFFrQU2SAHBBDdIAdkG
289=OEkBQaEEOcgBQQ86SAHBBDtIAdEJPEgBdYYKdoY5AGoBCwJUhqoBDAJUhqoBDQJUhqkBDn
290=aGOQB0e1YYQgCoAUkMQ0kBO6EPRMgBVQJFSAF0hl2DRsgBRYFHSAF0hkUISMgBTQVJSQE9
291=pQhKyAFVAktIAd0VTEkBS6V2TcgBWT1OSQFJtQJPyAFVAlBIAXSGAQUGAFHIAUWiUsgBRa
292=JTyAFFolTKAQkGV4Y5AEixCVZVAlGpAVdIAd14WEkBWLUCWUgBwQ9ayAFBD1tIAdkGXEgB
293=2QZdSAHZBl5IAXgGTQVfyAFJkGBIAdkGYUgB2QZiSAHZBmNIAXgGTQVkyAFFCGXIAVUCZs
294=gBVQJnyAFVAmjIAVUCacgBVQJqyAFUAgIJADoA6qEaCigpAAsoKQAMKCkADSgpAA4oKQAP
295=KCkAECgpABEoKQASKCkAEygpABQoKQAVSQHJrRAWyAFFExdIAcUTGCgpABlJAcutBRrIAU
296=0FG0gBzQUcKCkAHSgpAB4oKQAfSAFohUlDIMgBSUMhyAFJQyJIASIEIkGII0gBJ9UQOijU
297=ECcpACZABCfUECdVACgoVQApKCkAKigpACsoKQAsSAEn1xA6AKKtGy5UAmgBRWAvSQE8vW
298=IwyAFVAjFIAdVlMsgBVQIzSAHNczTIAVUCNUgBzXM2yAFVAjdIAd2OOEgBdIZZdDnIAVl0
299=OkgBxYw7SAHVcDwoKQA9KCkAPigpAD9IAdV7QMgBVQ1BSAFkE0kMQsgBSQxDSAFkE1UCRM
300=gBVQJFyAFdg0bIAUUIR0gBfApNBUjIAU0FSUgBfCBVAkrIAVUCS0gB3RVMSAF0hlU5TUgB
301=xWtOKCkATygpAFBJAfloLXaGOgBwQAEABgBSVAJoAV1MU8gBUQlUSQH7rQVVSQHzqQFWKC
302=kAVygpAFgoKQBZKCkAWigpAFsoKQBcKCkAXSgpAF4oKQBfKCkAYCgpAGEoKQBiKCkAYygp
303=AGQoKQBlKCkAZigpAGcoKQBoKCkAaSgpAGooKQBrSQH1px4KADuAiFUjCygpAAwoKQANKC
304=kADigpAA8oKQAQKCkAESgpABIoKQATKCkAFCgpABVIAXSGTTEWyAFd/BdIAWSBWREYKCkA
305=GUgBdIZNBRrIAU0FG0gBzQUcKCkAHSgpAB4oKQAfSAF0hgEKBgAgyAEBCwYAIcgBAQwGAC
306=JIAXRESQwjSAEn1RA7KNQQJykAJkAEJ9QQJ1UAKChVACkoKQAqKCkAKygpACxIASfVEDuU
307=hkEPLlQCdIZFYC9IAXSGXWIwyAFVAjFIAdVlMsgBVQIzSAHNczTIAVUCNUgBzXM2yAFVAj
308=dJAUBnPwIAOMgBTXM5SQFHtQI6SAEliSI7SAHVcDwoKQA9KCkAPigpAD9IAdV7QMgBVQ1B
309=SAF8FUWBQsgBVQ1DSAFsG1UCRMgBVQJFSAHdFUbIAUUIR0gBbBtNBUjIAU0FSUgBxQhKyA
310=FVAktIAd0VTEkBlamxTUgBIpQ0RYFOyAFRS09JAVehBFBJAfhwH3eGOwAuqQFSVAJoAU0F
311=U8gBRTRUSQE2QQQEIq8hOwAlSAFdClZUAskBV0gBYARd0FhIAdUCWSgpAFooKQBbKCkAXC
312=gpAF1JASq9Cl7IAU0QX8gBTRBgSAHdCmEoKQBiKCkAYygpAGQoKQBlKCkAZigpAGcoKQBo
313=KCkAaUgBdBhZHGpIAdUNaygpAGxIAWAEWBwBCwA8AMGpDEkB76kXDSgpAA4oKQAPKCkAEC
314=gpABEoKQASKCkAE0gB1bIUSAHZlRVIASKoMVUuFsgBVSMXSAHNEBhIAdkGGSgpABpIAcUT
315=GygpABwoKQAdKCkAHigpAB9JAfGhGiBIAWGIEHaGPABpARF0hqkBEiJeQzwAJ9cQPADyuQ
316=YlWAbJASYoKQAnSAHBiCgoKQApKCkAKigpACsoKQAsSQHwvQotSAFohV0gLsgBRWAvSAHd
317=bTDIAVUCMUgBzWgyyAFVAjNIAWR2RWs0yAFVAjVIAc1oNigpADdIAXSGVZE4yAFNczlIAc
318=0FOigpADsoKQA8KCkAPSgpAD4oKQA/KCkAQCgpAEFIAXQYVQ1CyAFVDUNIAWx+VQJEyAFV
319=AkXIAVUYRsgBVRhHSAFkHk0FSMgBTQVJSAHFCErIAVUCS0gB1RhMSQGVUIJFCE1JAZhIAU
320=UITsgBTQVPSQFTVAJJTlBIASfVEDyUhlVlUlQCdIYBBQYAU8kBBiJeQzwAdWUIdIaoAQEJ
321=BgBWQAR0AknSV8gBSdJYSAF8bUkMWSgpAFooKQBbKCkAXCgpAF1IAXSGWeJeyAFZEV/IAV
322=kRYEgB3QphKCkAYigpAGMoKQBkKCkAZSgpAGYoKQBnKCkAaCgpAGlIAWAaWRxqSAHVDWso
323=KQBsSAFgBFkcbUgBwwQMAD0mDUQNSAHdYg4oKQAPKCkAECgpABEoKQASSAHdYhNJAbOpZB
324=TIAUUpFcgBVacWyAFBJRfIAUElGMgBQSUZyAFdNhpIAcl6G0gBxRMcKCkAHSgpAB4oKQAf
325=SAHZESBIASJUIVl0IcgBWREiyAFZESNIAdlIJEoBWgNXSwYAJUgBJaUrJigpACdIAdkRKE
326=gB2REpKCkAKigpACsoKQAsSAHZES1IAXSGQQ8uyAFVWi9IAd1tMMgBVQIxSAHNaDLIAVUC
327=M0gBdIZdYjTIAVUCNUgBzWg2KCkANygpADgoKQA5KCkAOigpADsoKQA8SQEaaDgiXkM9AG
328=gBTSY+1AJJFz/IAUk4QMkBBCJeQz0AzRBCVALJAUMoKQBEKCkARUgBxYFGyAFVGEdIAXwg
329=TYlIyAFFgUlIASJcIlUCSsgBVQJLSAHJDEwoKQBNKCkATigpAE9IAXSGUUBQSQH8bBsirS
330=E9lIZVZVJUAnSGUYJTyAFRglRIAXVlDHWGPYGIDXSGqAEBDgYAV8AEAQ8GAFhIAXhpVSNZ
331=KCkAWigpAFsoKQBcKCkAXUgBdIZNXV7IAUX6X8gBRRNgSAHdCmEoKQBiKCkAYygpAGQoKQ
332=BlKCkAZigpAGcoKQBoKCkAaUgB2RxqSAHVDWsoKQBsSAFgBFkcbUgBwQRuKCsADQA+4YgO
333=SQHtvSsPKCkAECgpABEoKQASSAHdYhNIAXSGUR8UyAFRHxXIAVkyFsgBWTIXyAFRmBjIAU
334=U0GcgBAQ0GABpIAdl0G0kB7bkRHCgpAB0oKQAeKCkAH0gB2REgSAEn1hA+AGgBRWAi1AJN
335=PCNIASfWED4AyYUlVALJASYoKQAnSAHZEShIAdkRKSgpACooKQArKCkALEgB2REtSAF1hg
336=AiDWU+I7AyRWAvVAIibFBdYjDIAVUCMUgB1WUyyAFVAjNIAXxtTQU0yAFVAjVIAc1oNigp
337=ADdJAU1UoFUNOEkBSqkBOUgBJWVPOsgBSSI7yAFNBTxIAWiFRbg9yAFVWj7IAUE7P8gBQT
338=tAyAFBO0FIAd0KQsgBXQpDyAFdCkTIAVUCRUkBqLkRRsgBVRhHSAF0hkWiSMgBTYlJSAF8
339=IFUCSsgBVQJLSAHFHkxIASJcQ0kMTcgBSQxOSAHFHk9JAVG1DVBJAVulw1FIASWlK1JIAS
340=WlK1MoKQBUSAElrSxVSAFhZxF1hj6BiBJ1hj4mvS5YQATFCFkoKQBaKCkAWygpAFxIAd0K
341=XUgBbFJJF17IAUkXX8gBWVNgSAHRFGFIAckMYigpAGMoKQBkKCkAZSgpAGYoKQBnKCkAaC
342=gpAGkoKQBqKCkAaygpAGwoKQBtKCkAbigpAG9IAcMaDgA/4YgPSAHJZBAoKQARKCkAEkgB
343=3WITSAF0hkmxFMgBTZQVyAEBEAYAFsgBQTAXyAFBMBjIAQETBgAZyQEUdYY/JvkwG1QCzR
344=AcKCkAHSgpAB4oKQAfSQHwpYwgSAHZMiHIAVkyIsgBWTIjSAEn1RA/KNQQJykAJkAEwYgn
345=SAEn1RA/JjUzKVUC8rUNKigpACsoKQAsSQH0oQQtSAF0hkEPLsgBRWAvSAF0hl1iMMgBBw
346=MCADEAPwA7AQARAABADwAgAAIAAgIAMgA/ADsBAAADAgAzAD8APEgBVQI0yAFVAjVJAUZU
347=AgEAAgA2KCkAN0oBVABDAAYAOEkB2GMEBgA5SQHUqQE6KCkAOygpADxJAdChBD1JASapAT
348=7KAQEGQgE/AHQCAQIGAEBQAc0FQUgB3QpCKCkAQygpAEQoKQBFSQHSvQpGSQGoTBQBBAYA
349=R8gBAQUCAEhIAWQeQRpJyAEBAQIASkkBOnsGAgBLyAFVAkxJAUtECFkRTUoB//9PAQYATi
350=gpAE8oKQBQKCkAUSgpAFIoKQBTKCkAVCgpAFVJAQpjDwYAVsgBXSBXSQGstQJYSQGkqQFZ
351=KCkAWigpAFsoKQBcSQGmrQVdSAFkKQEABgBeyAFdCl/IAUEaYEgByQxhSAHJDGIoKQBjKC
352=kAZCgpAGUoKQBmKCkAZygpAGgoKQBpKCkAaigpAGsoKQBsKCkAbSgpAG4oKQBvKCkAcEgB
353=zRsPUUP6uRwQSQHtqQERKCkAEkkB8LUCE0kBs0gBARUGABTIAQEWBgAVyAEBFwYAFsgBAR
354=gGABfIAQEZBgAYyAEBGgYAGcgBARsGABpJAfZQCVEqG0gBwQ8cKCkAHSgpAB4oKQAfSAHZ
355=ESBIAdkyIcgBWTIiyAFZMiNJAfipDCRIAclOJSgpACZKAVgDgVEnSAHNBShJAVq1AilJAV
356=JcA1EUKkkBmKkBK8gBVQ0sSQGbtQItSQGfawECAC5JAT9jDwIAL8gBRWAwSQE+tQIxyAFV
357=AjJJAT21AjPIAVUCNEkBRLUCNUgBJ9YQQADJATdUAnSGTRA4SQHZbAV3hkAA96kBOlUC76
358=kBO0kB8akBPEkB16kBPUgB2Sc+yAFRCT/IAVknQEkB0a0FQUgB3QpCSAHdCkMoKQBESAHJ
359=DEVIAdkRRkkBomgidoZAAGgBTRtIVAJ0hlGjScgBUaNKSAF0hlUCS8gBVQJMSQGVpQhNSA
360=HBME7IAV0VT0kBV6EEUEgBzTxRKCkAUigpAFMoKQBUKCkAVUgBJ9YQQABoAV0KV1UCq7Ef
361=WEkBoqkBWSgpAFooKQBbKCkAXEkBpa0FXUgB3SteyAFdCl/IAV0rYEgByQxhSAHJDGIoKQ
362=BjKCkAZCgpAGUoKQBmKCkAZygpAGgoKQBpKCkAaigpAGsoKQBsKCkAbSgpAG4oKQBvKCkA
363=cCgpAHFIAcCIAhAAQQD6pR4RSAHdeBIoKQATSAHBRhQoKQAVKCkAFigpABcoKQAYKCkAGS
364=gpABpIAckMGygpABwoKQAdKCkAHigpAB9IASfWEEEA2TIhVAJoAVkyIsgBWTIjSAHFgSRI
365=AcVKJUgByYUmSAHRYSdJAfSxHyhIAcmFKUgBxYEqSAFwVlVaK8gBVVosSAF0hlFhLUgByX
366=ouSAF0hk0FL8gBTQUwSAF0hlUCMcgBVQIySAF0hlUCM8gBVQI0SQFFexECADVIAd0KNigp
367=ADdIAXWGACKuIUEA2XQ5VALJODpJAfJnCAYAO0gBzRs8SAHNBT1JAcChBD7IAVknP8gBWS
368=dASAHNBUFIAd0KQkgB3QpDKCkAREgByQxFSAHZBkZIAWiFUQlHyAFNG0hIASJIJSOtIUEj
369=dCVZJ0pUAnwgVQJLyAFVAkxIAXSGSQFNSAHBME7IAVEJT0kBU/aGQQDNPFFUAskBUigpAF
370=MoKQBUKCkAVUgBaIVFKVbIAV0gV0gByXpYSAHJelkoKQBaKCkAWygpAFxIASfUECd5Cl5U
371=AtlTX8gBSSJgSAHJDGFIAckMYigpAGMoKQBkKCkAZSgpAGYoKQBnKCkAaCgpAGkoKQBqKC
372=kAaygpAGwoKQBtKCkAbigpAG8oKQBwKCkAcUkBqa9HEQBC9YYSSAHJehMoKQAUKCkAFSgp
373=ABYoKQAXKCkAGCgpABkoKQAaKCkAGygpABwoKQAdKCkAHigpAB9IASeqEEIAYDABAAYAIV
374=QCaAFNPCLIAU0xI0gBwVwkSAHVnCUoKQAmSAHBXCdIASVVIShKAS0EW08GACnIAUVVKkkB
375=IncCAgArKCkALCgpAC0oKQAuKCkALygpADAoKQAxKCkAMigpADMoKQA0KCkANSgpADZIAd
376=WGN0gBaIVFHjhJAdu9NjlIASX5MDpIASVRMTtIAdUCPEkB060FPUgB1QI+KCkAPygpAEBI
377=Ac0FQUgBzQVCKCkAQ0gByQxESAHBBEVJAdWpDEZJAaJAKUU0R8gBRSlISAFohVGjScgBTX
378=5KSAFohVUCS8gBVQJMSAHFHk0oKQBOKCkAT0gBaIVdIFBIAd2DUSgpAFIoKQBTKCkAVCgp
379=AFVIASepEEIogiFCAN14WEAE3XhZKCkAWigpAFsoKQBcSAEnqBAneQpeVALZU1/IAVlTYE
380=gByQxhSAHJDGIoKQBjKCkAZCgpAGUoKQBmKCkAZygpAGgoKQBpKCkAaigpAGsoKQBsKCkA
381=bSgpAG4oKQBvKCkAcEgB34MSAEP9gxNIAd2DFCgpABUoKQAWKCkAFygpABgoKQAZKCkAGi
382=gpABsoKQAcKCkAHSgpAB4oKQAfSAEnUxBDADi1TyFUAmgBSUMiyAFVLiNJAVsk+TAkSAHd
383=gyVIAcWBJkgBxYEnSQGDUAkBBAUAKMoBBQVSgkMAdAIBBgIAKtUCB3KCQwAjkzkCACxUAi
384=OTOQIALSgpAC4oKQAvKCkAMCgpADEoKQAyKCkAMygpADRIASNYJyL9IEO44iKvQkMAh1AU
385=RWs3QARoAVkcOEkB+1QCSW85SAEl8S86SAHZ+DtIASWZJDxJAfWtBT1JAZhUI0UIPskBAy
386=KuQkMAdQIEIq5CQwDdCkFBBPO5BkJIAckMQ0gByQxESAHJDEVIAcEERkgBJ1EQQyjWMUMA
387=InQlAQACAElABGgBQRpKSAEidCVVAkvIAVUCTEgBIqxCTRtNyAFNPE5JAUqxjU9JAVGpAV
388=BJAbKxFFFIAd2DUigpAFNJAb2tBVTIAVEJVUkBtLUCVsgBVQJXSAHFdlhIAcV2WSgpAFoo
389=KQBbKCkAXEgBJ1IQQwBlgQAirEKoAV0KX0AEdAJVLmBIAckMYUgByQxiKCkAYygpAGQoKQ
390=BlKCkAZigpAGcoKQBoKCkAaSgpAGooKQBrKCkAbCgpAG0oKQBuKCkAb0gBx4ETAETlgRRI
391=AcWBFSgpABYoKQAXKCkAGCgpABkoKQAaKCkAGygpABwoKQAdKCkAHigpAB9IASf5D0SYf0
392=VVIVQCeH8BBQYAIsgBAQYGACPIAQEHBgAkSQHprTwlKCkAJigpACdIAWF9CHl/RI5+CQRY
393=f6oBCgNYf6kBC3l/RLzFen9EAJw2eH8nKQAuUAnVAi8oKQAwKCkAMSgpADIoKQAzKCkANE
394=gBmEh5f0SNfgR4f6gBAQUCADdABHh/AQYFADjIAQEHBQA5SQH8pWA6SAHNcztIAdUCPEgB
395=dHsBCQYAPcgBAQoGAD7JAQt5f0SZfwx4f6gBAQ0GAEHCBA4GXsJEACVNNkNUAskMREgBJQ
396=lJRUgBxTRGSAF4f01dR8gBXfxISAFsflX/ScgBVQJKSAF4f1UCS8gBVQJMSQFLXDZFCE1I
397=Acl6TigpAE8oKQBQKCkAUSgpAFIoKQBTSAF4f1EJVMgBQZ5VSAF4f1UCVsgBVQJXSAHNc1
398=hIAZc5BgBZKCkAWigpAFsoKQBcSAGfNgYAXUgBYH2af0QAaAGYf6gBVQ1gQATJDGFIAckM
399=YigpAGMoKQBkKCkAZSgpAGYoKQBnKCkAaCgpAGkoKQBqKCkAaygpAGwoKQBtKCkAbkkBqb
400=tIFABF7X4VSQHttQIWKCkAFygpABgoKQAZKCkAGigpABsoKQAcKCkAHSgpAB4oKQAfSAHZ
401=SCBIAXV7CCLxL0WMfl1XItQCXVcjyAFdVyRIAWB9SS0lKCkAJigpACdJAYJ0GGJ9RQBpAQ
402=FgfakBAmB9qAFVTytMBYQ0YX1FKKAPJykALkAEnDYidFEnVQAwKFUAMSgpADIoKQAzKCkA
403=NEgBgEZhfUWBfQhgfaoBCQNAfaoBCgRAfakBC2N9RQDYdxgGADpECCVtUDtJAZhE+gEQBg
404=A8yQERYn1FAHUCEmB9qQETYH2pARRgfakBFWB9qQEWYn1FANWGQ1AJJ6MPRQD2oQ9FVQLw
405=qQFGSQGiWXQAInRRXCBIAU33SFQCaHpF+knIAVUCSkgBIvAvVQJLyAFVAkxIASKcQEUITU
406=gBIpxASQFOyAFVOU9IASd1UUUk+yUGAFFUAiP7JQYAUkgBI8ckBgBTSQELpRNUyAFFCFVI
407=ASPUJiJOYkUA2QZXVAKLOAYAWCgpAFkoKQBaKCkAWygpAFxIAZw2Yn1FAHV7AHz8qAFVDV
408=9ABHQCgX1Fv8UGAGFUAtUNYigpAGMoKQBkKCkAZSgpAGYoKQBnKCkAaCgpAGkoKQBqKCkA
409=aygpAGwoKQBtSAHXexUARvV7FkkB8q0mFygpABhIAc1+GSgpABooKQAbKCkAHCgpAB0oKQ
410=AeKCkAH0gBwUYgSAFoelnMIckBDW33RpR7WcwjVAIlkU8kSAElaSklSQHxsRQmSQFZTF1V
411=LidJAYJUAiPpLkaIeiPoLqgBI+guqAEj6y5GAK9MBVVPLFkGp6kBLSgpAC4oKQAvKCkAMC
412=gpADEoKQAyKCkAMygpADRIAZwra3pGAP6pDDZVAh1dYgBqekYAiAFrekYA/2AEanpGACVp
413=PzpMBSdJD0aRdxhoeqkBGWh6qQEaaHqpARtoeqkBHGh6qQEdaHqpAR5oeqgBAR8GAENIDC
414=dJD0YoSg9GAMU0RkEEolwVXVdHyAFFokhIAWh6VfRJyAFVAkpJAT1UGFUCS8gBVQJMSAFo
415=elV7TUgBaHpBBE7IAUEET0gBJz0/RulkUVQCyWRSSAGEKWp6RgAnSA+oAVFsVUAElDlqek
416=YAlzkGAFdUAskBWCgpAFlIAd0KWigpAFsoKQBcSAEnSg9GAHF3AGh6qAFVDV9ABHQCSSJg
417=SAGEw2l6RqfDBgBiVALJDGMoKQBkKCkAZSgpAGYoKQBnKCkAaCgpAGkoKQBqKCkAaygpAG
418=xIAdcjFgBHJIg4IrRvJykAGFUC+lgyVRgZSAHVexooKQAbKCkAHCgpAB0oKQAeKCkAH0kB
419=9LEJIEkBMakBIcgBVSMiyAFVIyNIAcV2JEkB7a0FJSgpACZIAd14J0gB3XgoSQGCTAVR+y
420=nJAQoi3D1cT1QCRXYrVQIiJF1OLCgpAC0oKAABLgBHABEAAM8OACAIIgQAAAACAC8ARwDJ
421=ATAoKQAxKCkAMigpADMoKQA0KCkANSgpADZIAQWIAQAABQIAN0kBiUgBAQAFADjIAQEBBQ
422=A5SQH5dwIGADpJAdmpATtIAQWYAwAAIAYAPMgBASEGAD3IAQEiBgA+yAEBIwYAP8gBASQG
423=AEDIAQElBgBByAEBJgYAQsgBAScGAENIAckMREkB9rUNRUkB8KkBRkkBologAAZCAUcAaA
424=EBAQIASFEBPGMEAgBJyAFVAkpJATu1AkvIAVUCTEkBOrUCTcgBVQJOSQFGtQJPSQFTqQxQ
425=SQGrdwIGAFFJAaWpAVJJAbOpAVPIAQECBgBUyAEBAwYAVcgBAQQGAFbIAQEFBgBXKCkAWM
426=gBAQYGAFlIAckMWkkBor0KWygpAFxIAcEPXUkBwKEEXsgBAQEGAF/IAU0QYEgB0QlhSAHR
427=CWIoKQBjKCkAZCgpAGUoKQBmKCkAZygpAGgoKQBpKCkAaigpAGtJAamlExdVMSWpARgoKQ
428=AZKCkAGigpABsoKQAcKCkAHSgpAB4oKQAfKCkAIEkBMUgMSS0hyAFJLSLIAUktI0gBzUck
429=SQHtTAVBRiUoKQAmKCkAJ0kB8aEEKEkBQqU/KcgBSUMqSAHJQytJASK1cCxJASapAS0oKQ
430=AuKCkALygpADAoKQAxKCkAMigpADMoKQA0KCkANUoB//9fEQIANkgBeXQJenRIAHh0WT04
431=VQL3qRc5SAHJZDpIAc1oO0kB/aEEPEgBZXYpenRIAGkBKnh0qQEreHSpASx4dKkBLXh0qQ
432=EueHSpAS96dEgAyQxEXArJLUVIAc0QRkkBomQXeXRImXQDenRIAHl0Anh0qAFVAkpMBXh0
433=VQJLyAFVAkxIAXh0VQJNyAFVAk5IAc0xT0gBeHRFYFBIAdleUUgB1WVSSAF4dAEHBgBTyQ
434=EJenRIAHUCCnh0qQELeHSpAQx4dCcpAFjZBg16dEgAyQxaVALFa1soKQBcKCkAXUkBpLUu
435=XigpAF8oKQBgSAHFCGEoKQBiKCkAYygpAGQoKQBlKCkAZigpAGcoKQBoKCkAaSgpAGpIAc
436=1zGFijbHNNJhkoKQAaKCkAGygpABwoKQAdKCkAHigpAB8oKQAgSAFgcl2ZIcgBVS4iyAEB
437=CAYAI0gB1UQkSQHttSMlKCkAJigpACdIAdlIKEkBWFhIUXcpSQFHqQEqyAFVGCvIAUEELE
438=kBqKEELcgBUXcuSQFFdw0CAC9JAT+pATDIAUEEMUkBPrUCMsgBVQIzSQE9tQI0yAFVAjVI
439=AdVPNigpADdJAVShDzhIAdkcOUgB1Rg6SQHbcwkGADtJAdKpATxIAXVwMWFySYFyMmByqQ
440=EzYHKpATRgcqkBNWByqQE2Y3JJANixCUNRCdWpAURIAc0QRUgBzRBGSAEnQQ5JKEIOSQDZ
441=HElABGgBWRxKSAF4dAEAAgBLyAFVAkxIAXh0VQJNyAFVAk5IAckiT0gBYHJNMVBIAdVlUU
442=gBJ0EOSYlvDmByqQEQYHKpARFgcqkBEmByqQETYHInKQBYUAlydxQGXeZJKEAOQBqxH1tA
443=BMVrXCgpAF0oKQBeKCkAXygpAGAoKQBhKCkAYigpAGMoKQBkKCkAZSgpAGYoKQBnKCkAaC
444=gpAGlIAdRwARkASgB0cEW4GigpABsoKQAcKCkAHSgpAB4oKQAfKCkAIEgBaG9JmyHIAUmb
445=IkoBWANQUmpvSgDdQSRUAifqDUoAyQEmKFUAJygpAChJAe+xKikoKQAqKCkAKygpACxJAf
446=GtBS1IAXRwXfEuyQEFam9KAGhvUbkwVAJoAVG5MUgBaG9VAjLIAVUCM0gBYFFVAjTIAVUC
447=NUgB3Uw2KCkAN0gBaG9FgThIAdkcOUgBzRs6SAHFEztIAc3WPEkB+70VPUkB9akBPkkBmE
448=0mO2pvSgBpATxob6kBPWpvSgDV6UJMBdEJQ0gB0fBESAHBD0VJAfC9CkZIAWhvXWJHyAFB
449=Z0hIAdkcScgBWRxKSAFob1EfS8gBVQJMSAFob1UCTcgBVQJOSAHJIk9IAWhvXSBQSAEn6g
450=1KACfpDUqJbxVob6kBF2hvqQEYaG+pARlob6kBGmhvJykAWFwKaW8baW9KKOoNSgDdbVtA
451=BMkBXCgpAF0oKQBeKCkAXygpAGAoKQBhKCkAYigpAGMoKQBkKCkAZSgpAGYoKQBnKCkAaE
452=gB3W0aWZj7rTEbSQHzqQEcKCkAHUgBzV0eKCkAHygpACAoKQAhKCkAIigpACNIAcU/JCgp
453=ACUoKQAmKCkAJygpACgoKQApKCkAKigpACsoKQAsSAHFSi1IAcVKLsgBRUovSAEixCRBtD
454=DIAVUCMUgBbEdVAjLIAVUCM0gBfExVAjTIAVUCNUgBxUo2KCkAN0gBcGxdVzhIASeRDUvh
455=iDpUAsUTO0kB270rPEkB1KkBPSgpAD5JAdC1Aj8oKQBASAHNBUEoKQBCSAHR2kNIAcEPRE
456=gByS1FSAHBD0ZIAWgiTapHyAFJZEhIAWSMWRxJyAFZHEpIAWiQVQJLyAFVAkxIAWByVQJN
457=yAFVAk5IAckiT0kBVUiqAQAGAFBIASeRDUvlYFJUAiXdJ1MoKQBUKCkAVSgpAFYoKQBXKC
458=kAWCgpAFlIAdlpWigpAFsoKQBcKCkAXSgpAF4oKQBfKCkAYCgpAGEoKQBiKCkAYygpAGQo
459=KQBlKCkAZigpAGdIAcRrARsATAAjhzIGABwoKQAdSQH6rTweSAHRNR8oKQAgKCkAISgpAC
460=IoKQAjKCkAJCgpACUoKQAmKCkAJygpACgoKQApKCkAKigpACsoKQAsSAHNRy1IAc1HLsgB
461=TUcvSAF4aVGuMMgBVQIxSAF4aVUCMsgBVQIzSAF4aVUCNMgBVQI1SAHNRzYoKQA3SAF4aU
462=21OEgB1Vo5SAHBJTooKQA7SAHZ1zxIAcktPUkB+b0rPkkB16kBP0kB0akBQEgBwQRBSAHZ
463=BkJJAfehBENIAdUNRCgpAEVIAckiRkgBaCJNXUfIAVFhSEgBeGlZHEnIAVkcSkgBeGlVAk
464=vIAVUCTEgBeGlVAk3IAVUCTkgBySJPSAFs1kkMUEgBJzkNTCg4DScpAFNABNFhVCgpAFUo
465=KQBWKCkAVygpAFgoKQBZKCkAWigpAFsoKQBcKCkAXSgpAF4oKQBfKCkAYCgpAGEoKQBiKC
466=kAYygpAGQoKQBlSQGnoTBmSAHPaBwATe1oHSgpAB5IAc1oH0gB0TUgKCkAISgpACIoKQAj
467=KCkAJCgpACUoKQAmKCkAJygpACgoKQApKCkAKigpACsoKQAsSAHVRC1IAdVELsgBVUQvSA
468=FkP0GpMMgBVQIxSAFsR1UCMsgBVQIzSAFsR1UCNMgBVQI1SAHVRDYoKQA3SAFgZ0FGOEgB
469=J+EMTSgcGicpADtABNEUPEgBxWA9SQH4oTA+SAEn4gxNACfiDE0AwQRBQATZBkJIAdUNQ0
470=gBzTFEKCkARUgB1Q1GSAFoIp3QTSieNU0AbIlZHElABGgBWRxKSAFsiVUCS8gBVQJMSAFs
471=iVUCTcgBVQJOSAHJIk9IAWBnQYhQSAEn4AxUDa0bUlQC1WVTKCkAVCgpAFUoKQBWKCkAVy
472=gpAFgoKQBZKCkAWigpAFsoKQBcKCkAXSgpAF4oKQBfKCkAYCgpAGEoKQBiKCkAYygpAGRI
473=ASX1KmVIAc8xHQBO9WUeKCkAH0gBxTQgSAHFNCEoKQAiKCkAIygpACQoKQAlKCkAJigpAC
474=coKQAoKCkAKSgpACooKQArKCkALEgB3UEtSAHdQS7IAVmgL0gBaGRRozDIAVUCMUgBaGRV
475=AjLIAVUCM0gBaGRVAjTIAVUCNUgB3UE2KCkAN0gBaGRJQzhIAckiOUgBySI6KCkAO0gB0R
476=Q8SAHdKz1IAcVgPkgBJ4kMTiiJDE4oiAwnLQZCTAXVDUNIAdUNRCgpAEVIAdUNRkgBaCJd
477=eEfIAUFcSEgBfGJZHEnIAVkcSkgBaGRVAkvIAVUCTEgBaGRVAk3IAVUCTkgBySJPSAFoZE
478=kMUEgBJ4kMTihsGScpAFNABNVlVCgpAFUoKQBWKCkAVygpAFgoKQBZKCkAWigpAFsoKQBc
479=KCkAXSgpAF4oKQBfKCkAYCgpAGEoKQBiKCkAYygpAGRIAdTIAh4ATwD7uX8fSQHyqQEgKC
480=kAISgpACIoKQAjKCkAJCgpACUoKQAmKCkAJygpACgoKQApKCkAKigpACsoKQAsSQH0uREt
481=SQGlJAUtLsgBRT8vSAF0OUGeMMgBVQIxSAFkP1UCMsgBVQIzSAF0RFUCNMgBVQI1SAHFPz
482=YoKQA3SAFwYVFAOEgB2VM5SAHZUzooKQA7SAHZUzxIAScxDE/tXT5UAicxDE8oMAwngQBB
483=QATZBkJIAdUNQ0gB1Q1EKCkARUgB1Q1GSAFwYZ3FTyi+GE8AySJJQARoAVkcSkgBdIZRH0
484=vIAVUCTEgBdIZVAk3IAVUCTkgBySJPSAFwYVGCUEgBJzAMVA25MlJUAsVgUygpAFQoKQBV
485=KCkAVigpAFcoKQBYKCkAWSgpAFooKQBbKCkAXCgpAF0oKQBeKCkAXygpAGAoKQBhKCkAYi
486=gpAGNIAcRgAh8AUACYsUsgyAFFHiHIAVFAIsgBVQIjyAFVAiRJASsiH2cGACVJATWlCCbI
487=AU0FJ8gBTQUoyAFVAilJASq5BipIAWAPVQIryAFNBSzIAVUCLUkBn38KAgAuSAHZMi9IAW
488=A7UZgwyAFRmDFIAXheVQIyyAFVAjNIAXheVQI0yAFVAjVIAdEJNigpADdIAXheQQ84SAHB
489=UTlIAcFROigpADtIAc1zPEgB3Vc9SAEnDhhQACfZC1Ao2QtQ/WJBTAXZBkJIASXJKkNIAd
490=UNRCgpAEVIASfZC1CMXUElR1QCZGBRVkhIAckiScgBWRxKSAF4XlEfS8gBVQJMSAF4XlUC
491=TcgBVQJOSAHJIk9IAXheSQxQSAEn2AtAD/heJykAU0AExWBUKCkAVSgpAFYoKQBXKCkAWC
492=gpAFkoKQBaKCkAWygpAFwoKQBdKCkAXigpAF8oKQBgKCgACWEAUACiAQAAAAYAYhEAABYQ
493=ACAABABQAKkBAAAABgAgAFEAmAAAAAMCACHIAQECAgAiyAFVAiPIAVUCJEgBBSsEAAABAg
494=AlSQE1WAZVAibIAU0FJ8gBVQIoyAFVAilJASq5BipIAdUNK8gBTQUsyAFNBS1KAT4BYgsA
495=LsgBVQ0vSQE9tQIwyAFVAjFJATy1AjLIAVUCM0kBO7UCNMgBVQI1SQFGtQI2KCkAN0kBVV
496=ANXSA4SQH2YwQGADlJAe2pATpJAfSpATtKAf//UwUGADwoKQA9SQH4oQQ+SQHXqQE/SQHR
497=qQFASAHBBEFIAcUIQigpAENJAfqtBURIAcEPRUkB8LUCRkkBolwOAQIGAEfIAUElSEgByS
498=JJyAFZHEpIAdknS8gBVQJMSQE/cwkCAE3IAVUCTkgBySJPSQFTSgwBBkNDUQCrbQUGTwJR
499=AKKpAVJQAckBUygpAFQoKQBVKCkAVigpAFcoKQBYKCkAWSgpAFooKQBbKCkAXCgpAF0oKQ
500=BeKCkAXygpAGAoKQBhSQGpvBUBIQBSAM0bIkkBRXcCAgAjSQFEqQEkSQEnTVIAa1lSACap
501=ASZUAskBJygpACgoKQApSQElrQUqSQFCsQkrSQFDqQEsSAHJDC1IAWwxQVwuyAFdNi9IAX
502=w2VQIwyAFVAjFIAWhZVQIyyAFVAjNIAWhZVQI0yAFVAjVIAcEaNkgB2Rw3SAFoWUk4OEgB
503=JyoLUgDZSDpUAtVPOygpADwoKQA9SQH8dxgGAD5JAdupAT9JAdWpAUBIAcEEQUgB0QlCKC
504=kAQygpAERIAc0QRUgBzRBGSAFoWV1tR8gBQVFISAFoIk0xSUgBbCZJAUrIAUEES0gBfCBV
505=AkzIAVUCTUgBdFpJIk5IAd0gT0gBaFlJDFBIAScpC1IoKAsnKQBTQATVWlQoKQBVKCkAVi
506=gpAFcoKQBYKCkAWSgpAFooKQBbKCkAXCgpAF0oKQBeKCkAXygpAGBIAdxXAiIAUwAvXExZ
507=HCPIAVEfJMgBVQIlyAFVAibIAVUCJ8gBVQIoyAFVAinIAVUCKsgBVQIryAFVAizIAVUCLc
508=gBVQIuyAFVAi/IAVUCMMgBVQIxyAFVAjLIAVUCM8gBVQI0yAFVAjVJATBAGlUCNsgBVQI3
509=SQGUXI5RNThIAdmgOUgB0a46SAHdTDtJAf2hUTxIAdUCPUkBgFYCAQVSVlMAaAEBAgUAP1
510=UCgVQCAQAFAEDIAQEBBQBBSAHZBkJIAdEJQ0gB1QJESAHNEEVIAc0QRkkBolAUnq9TAGgB
511=SU5IVAJwVk1zSUgBcFZJAUrIAUEES0gBcFZVAkzIAVUCTUgBwTtOSQFBcxQCAE9IAXBWUX
512=dQSAEn0ApUDWEEBkBDJykAU0AEJ9AKJ1UAVShVAFYoKQBXKCkAWCgpAFkoKQBaKCkAWygp
513=AFwoKQBdKCkAXigpAF9IAcdVIwBUhFVZHCTIAVkcJcgBVQImyAFVAifIAVUCKMgBVQIpyA
514=FVAirIAVUCK8gBVQIsyAFVAi3IAVUCLsgBVQIvyAFVAjDIAVUCMcgBVQIyyAFVAjPIAVUC
515=NMgBVQI1SAF4U1UCNsgBVQI3SAF4U1UCOMkBAyJ7IFQAm1xBUVY6VAIiOCNJATtIASJsJE
516=kBPEoBIgNHBAYAPUkBgEk4BHlTVJpTBQRbU1QAgVYCAwRYU6gBQQRBTAXZBkJIASLEJFEJ
517=Q0gBaAxJQ0RIAcEPRSgpAEZJAZ9QDUVrR0kBR1wKSQFISAF0T0kBSUkBOrUCSsgBSW9LSA
518=FwVkEETMgBVQJNSAF4U1EfTkgBeVMCeVNUQD5MDCJ5IFQoeSBUKEwVJykAU1gGJ3gKJ1UA
519=VShVAFYoKQBXKCkAWCgpAFkoKQBaKCkAWygpAFwoKQBdKCkAXkgBzFIBJABVANHwJUgB1f
520=QmSAHV9CdIAd3FKEgB1ekpSAHZBipIAc0FK0gBxQgsSAHVAi1IAc0FLkgBxQgvSAHdCjAo
521=KQAxSAHBBDJIAdkGM0gB0Qk0SAHJDDVIAcUINkgB2QY3SAHZBjhIAWxSAQUCADlIAXxBXT
522=Y6SAF0RFE1O0gBYFFVAjxJASJAUUkBPUgBYlEHAl2kVYJRCANBUVWCUQYDQFGoAUEEQUwF
523=2QZCSAFgUUUIQ0gBaAxJQ0RIAcEPRSgpAEZIAdUYR0gBzRtISAFgUQECAgBJSAFgUUkBSs
524=gBUQlLSAFgUVUCTMgBVQJNSAHFCE5JAUa9V09IASedFFUoIQpVKCAKJykAU0wFJyAKJ1UA
525=VShVAFYoKQBXKCkAWCgpAFkoKQBaKCkAWygpAFwoKQBdSAHUTwElAFYAeBxNJibIAVFsJ8
526=gBVQIoSAFoIlUCKUgBxXYqSQFAuRwryAFNBSxIAXjMTQUtyAFVAi5IAWwmVQIvyAFVAjBI
527=ASJAJFUCMcgBVQIySAHNBTPIAVUCNEgB3Qo1yAFVAjZIASIYKkUIN8gBVQI4SAHdFTnIAV
528=UCOkgByRc7SQEosfs8SQGutRg9SAFpTgppTlaKTgsCSU5Wik4JAkhOqAFBBEFMBdkGQkkB
529=JLEJQ0gBySJEyAFBD0VIAXgRSQFGSAHdFUfIAVUCSEgBzRtJyAFVAkpIAd0gS8gBVQJMSA
530=HNJk3IAVUCTkgBJ8gJfOnNn1YoyQlWKMgJJykAU1gGJ8gJJ1UAVShVAFYoKQBXKCkAWCgp
531=AFkoKQBaKCkAWygpAFxIAd9MJgBXnExBZyfIAUFnKEgBdCNVAinIAVUCKkgBZClVAivIAV
532=UCLEgBYCVVAi3IAVUCLkgBYCVVAi/IAVUCMEgBYCVVAjHIAVUCMkgBzQUzyAFVAjRIAd0K
533=NcgBVQI2SAFwNUUIN8gBVQI4SAHdFTnIAVUCOkgBbGhNBTtIASdzCVcAr/NLVwCoqQE+QA
534=TJAT8oKQBAKCkAQUgBjyYCAEJIASdyCVcAySJEVAJoAUEPRUgBeBFJAUZIAd0VR8gBVQJI
535=SAHNG0lJAXBEQ1VlSsgBTUdLSQFutQJMyAFVAk1IAXgnRQhOSAEncAkihiYAAFH7UFQCJ9
536=0nVyhwCScpAFNBBKJlHgZA3SdVAFUoVQBWKCkAVygpAFgoKQBZKCkAWigpAFtIAZQjAgYA
537=JwBYJtU8KEgBfBVNGynIAVUYKkgBeDJVAivIAVUCLEgB3SAtyAFVAi5IAd0gL8gBVQIwSQ
538=FttSMxyAFVAjJJAWe1AjPIAVUCNEgBzRA1yAFVAjZIAWhOTRA3yAFVAjhIAXgyVQI5yAFV
539=AjpIAWg4VQI7SAElwT88SAEllT89KCkAPigpAD8oKQBAKCkAQSgpAEJIASUZQENIAWgMVQ
540=1ESAHNEEXIAVUCRkgB3RVHyAFVAkhIAc0bSUgBeCdNXUrIAVVES0gBeCdVAkzIAVUCTUgB
541=wSVOyAFRCU9IASJNIAAifSZYqGQi+0ZYAKehRlJABMkBUygpAFQoKQBVKCkAVigpAFcoKQ
542=BYKCkAWSgpAFpIAcxHASgAWQBgGl0VKcgBXRUqSAFgRlUCK8gBVQIsSAHFHi3IAVUCLkgB
543=xR4vyAFVAjBIAWBGRQgxyAFVAjJIAXwgVQIzyAFVAjRIAc0QNcgBVQI2SAFgME0FN8gBVQ
544=I4SAFwNVUCOcgBVQI6SAF0OVUCO8gBVQI8SAFwglUCPcgBVQI+SAHNGz/IAVUCQEgBzQVB
545=yAFVAkJIAd0KQ8gBVQJESAHNEEXIAVUCRkgB3RVHyAFVAkhIAc0bSUkBdLVlSsgBUUBLSA
546=F4JwEEAgBMyQEFIr5PWQDBJU5UAmgBUQlPSAFgRkEaUMkBA2FGWSMoWFlIUlQCIrAnQZNT
547=yAFVAlTIAVUCVcgBVQJWyAFVAlfIAVUCWMgBVQJZyAFXAikAWuWMKkgBeBxNcyvIAVUYLE
548=kBc60bLcgBVQIuSAHNGy/IAU0bMEgBaENFHjHIAVUCMkkBYaUIM8gBRQg0SAFoLVUNNcgB
549=VQI2SAHNEDfIAVUCOEgBaC1NBTnIAVUCOkgBzQU7yAFVAjxIAd0KPcgBVQI+SAF4PUUIP8
550=gBVQJASAFoQ1UCQcgBVQJCSAF4SFUCQ8gBVQJESAHNBUXIAVUCRkgB3QpHyAFVAkhJAUFg
551=fSKLLVoAd7EfSlQCaAFBBEtJAX+1AkzIAVUCTUkBZrUCTsgBVQJPyAGKQ1oAdERRKlFUAn
552=xBVQJSyAFZSFPIAVUCVMgBVQJVyAFVAlbIAVUCV8gBVQJYyAFUAgEqAFsAcCpVAivIAVUC
553=LEgBcEBVAi3IAVUCLkgBI3dcAgAvKCkAMCgpADEoKQAySQFhTBtFCDPIAUUINEgBcDVVAj
554=XIAVUCNkgBzRA3yAFVAjhIAXBATQU5yAFVAjpIAc0FO8gBVQI8SAHdCj3IAVUCPkgBcDVF
555=CD/IAVUCQEgBYDtVAkHIAVUCQkgBcEBVAkPIAVUCREgBzQVFyAFVAkZIAd0KR8gBVQJISQ
556=FBUEBFCElIAWQ/SQFKyAFBBEtIAXBAVQJMyAFVAk1IAXBASQFOyAFZaU/IAUU/UEgBJek5
557=UUkBQkgMRVVSSQFDqQFTSAHBBFQoKQBVKCkAVigpAFcoKwArAFzlgSxIAXwVXQotyAFBUS
558=5JAV1IOFUCL8gBVQIwSQFetQIxyAFVAjJJAWC1AjPIAVUCNEgBeCdFCDXIAVUCNkgBeCdV
559=AjfIAVUCOEgBaDhVAjnIAVUCOkgBeD1VAjvIAVUCPEgBaENVAj3IAVUCPkgBzQU/yAFVAk
560=BIAd0KQcgBVQJCSAHNEEPIAVUCREgB3RVFyAFVAkZIAWhDVQ1HyAFVAkhIAc0FScgBVQJK
561=SQFHuTJLSAHRKkzIAUEETUkBXKElTkgBzSZPyAFBBFBIAc0bUcgBVQJSSAHNEFPIAVUCVE
562=gBzRBVyAFVAlZIAc8bLABdlJFJTi3IAV1MLkgBYDtVAi/IAVUCMEgBYDtVAjHIAVUCMkgB
563=cBRVAjPIAVUCNEgBYA9VAjXIAVUCNkgBYA9VAjfIAVUCOEgBYDBVAjnIAVUCOkkBQKElO8
564=gBSRc8SAFwH00FPcgBTQU+SAFgO1UCP8gBVQJASAHdCkHIAVUCQkgBzRBDyAFVAkRIAd0V
565=RcgBVQJGSAFwKl0KR8gBVQJISAHNBUnIAVUCSkgB3QpLSAFgO1kGTMgBQQRNSAFgO1UYTk
566=kBYEw8QQRPyAFBBFBIAc0bUcgBVQJSSAHNEFPIAVUCVEgBzRBVyAFXAi0AXuV2LkgBaDhJ
567=hS/IAUmFMEgBaDhVAjHIAVUCMkkBRqktM0gByYU0SAHNiTVIASWdSzZIAXgRTV03yAFBGj
568=hIAWibVQI5yAFVAjpJAUBcClkcO8gBURQ8SAF4Mk0FPcgBTQU+SAFoOFUCP8gBVQJASAFo
569=IlUCQcgBVQJCSAHNBUPIAVUCREgB3QpFyAFVAkZIAXgyRQhHyAFVAkhIAXgnVQJJyAFVAk
570=pIAc0bS8gBVQJMSAHNBU3IAVUCTkgB3QpPyAFVAlBIAc0QUcgBVQJSSAHdFVPIAVUCVEgB
571=zBsBLgBfAHgGCQICAC8AXwA9AQAAAxEAAOEHQBAABwIAMABfAD4BAAACAgAxAF8APgEAAA
572=MCADJJAUVIAQEAAgAzSQFEqQE0SQFDqQE1SAHVAjZJATpUAkUIN8gBRQg4SQFBtQI5yAFV
573=AjpJAUdUAl0KO0kBPEgBVQI8SQE9SAFFCD3IAVUCPkgBeBFVAj/IAVUCQEkBP60FQcgBVQ
574=JCSAHNBUPIAVUCREgB3QpFyAFVAkZIAWAPXQpHyAFVAkhJATu9CknIAVUCSkgBzRtLyAFV
575=AkxIAc0FTcgBVQJOSAHdCk/IAVUCUEgBzRBRyAFVAlJIAd0VU8gBVAIBLwBgAHQNVSMwyQ
576=EBejJgAHQNVQIyVAJoAVUCM0gBdA1VAjTIAVUCNUgBdA1VAjbIAVUCN0gBdA1VAjjIAVUC
577=OUgBZClVAjrIAVUCO0gBzQU8yAFVAj1IAcU/PkgBxT8/SAHVREBIAckXQcgBWQZCSAF8FU
578=kMQ8gBVQJESAHJF0XIAVUCRkgByRdHyAFVAkhIAdkRScgBVQJKSAHJF0vIAVUCTEgBzRBN
579=yAFVAk5IAc0QT8gBVQJQSAHNEFHIAVUCUksB//8AVGFdYmGMMVsyMQBhgDBBRjLIAVUCM0
580=gBZAhVAjTIAVUCNUgBdBhVAjbIAVUCN0gBdBhVAjjIAVUCOUgBdBhVAjrIAVUCO0gBzQU8
581=yAFVAj1JAUJYU0UpPkoBKQSRFD9JASOpAUBIAXAfUQlByAFZBkJIAXAfVQJDyAFVAkRIAc
582=kXRcgBVQJGSAHJF0fIAVUCSEgB2RFJyAFVAkpIAckXS8gBVQJMSAHNEE3IAVUCTkgBzRBP
583=yAFVAlBIAc0QUcgBVAICMQBiAEa5HDIoKQAzKCkANCgpADUoKQA2KCkANygpADgoKQA5KC
584=kAOkgB3Vc7SAHdVzxIAXAfXSs9yAFdQT5JASi9Kz9JASSpAUBIAdEUQSgpAEIoKQBDKCkA
585=RCgpAEUoKQBGKCkARygpAEgoKQBJKCkASigpAEsoKQBMKCkATSgpAE4oKQBPKCkAUCgoAA
586=IyAGMAR0pHAAZcuqgBAQEGADRVAkm1AjXIAVUCNkkBSLUCN8gBVQI4SAHNBTnIAVUCOkkB
587=qa0FO8gBWSc8SAFwKlVPPcgBTTw+SAEnUgVjACdRBWPlP0FABN0rQigpAENJAUupDETIAU
588=EPRUgB0RRGyAFVAkdIAdkcSMgBVQJJSAHJF0rIAVUCS0kBSr0KTEgB0QlNyAFBBE5IAdkG
589=T8gBVAICMwBkAPtkVXsnZADvqQE1VALJATYoKQA3KCkAOCgpADlJAfG5BjpJAS1zSwYAO8
590=gBmydkACJ3AgIAPVQCyQE+KCkAPygpAEAoKQBBKCkAQigpAENIAXgnAQIGAERJAfehD0VI
591=Ad0VRigpAEcoKQBIKCkASSgpAEooKQBLKCkATCgpAE0oKQBOSQH1tA0CNABlAPqpATVJAe
592=2pATYoKQA3KCkAOCgpADlJAfCtBTpJAT+xNTvIAYMlZQCEQARJAT1UAmgBSU4+SQFyVAJJ
593=ej/IAUEEQEgBWABpvEFIASedCWX1T0NVAlWpDERJAfZnCAYARUgB3RVGKCkARygpAEgoKQ
594=BJKCkASigpAEsoKQBMKCkATUkB9KsMNQBm9SM2SAHVDTcoKQA4KCkAOUgBJ0oEZgBoIkE7
595=O1QCaAFRbDxIAX0gBG1HZpQjAQUDAD5VAnN1DQNKBmYAaAEBAQMAQFUCHmceAwBBSAEnSg
596=RmAMgBAUMAZgBoIlleREgBJ0oEZgDRFEZUAskBRygpAEgoKQBJKCkASigpAEsoKQBMSAHf
597=IDYAZ/0gN0gB3Qo4KCkAOUgBJ/MDZwBYaBdhZ2eYHAEGBgA8QQSEWhwHBUBntgIIBFIfZw
598=CdQQRQH6oBAQRSH2cAkR8EUx9nAIZYBgEABQBCRAhoAUUeQ0kBUakMREgBJ/EDZyjwAycp
599=AEdABN0VSCgpAEkoKQBKKCkAS0gBxx43AGjlHjhIAcUIOSgpADpIAdl0O0gB1YY8SAF5HA
600=p5HGiSHwsFWRxogDtVGD9ABI08BVocaABNYgBVAkFUAm0bAnocaADFgUNUAskMREgBzRBF
601=KCkARigpAEcoKQBIKCkASSgpAEpIAc8bOABp7Rs5SQHyfysGADooKQA7KCkAPEgByYU9SQ
602=GyrQU+SQE1SAFNMT/IAU1dQEgBwQRBSAHJsUJIAckMQygpAEQoKQBFKCkARigpAEcoKQBI
603=KCkASUgB1BgCOQBqACVMEF3mOigpADsoKQA8KCkAPUgBfhUEBk4xagBqAQUGSE6oAVlTQM
604=IEBwZITiddAUJUAskMQygpAEQoKQBFKCkARigpAEcoKQBIKCsAOgBrnBVNJjsoKQA8KCkA
605=PUgBZRMIcRRrkRQJcBSqAQoGQEapAQtwFCcxAUJYBnAUXQpDKCkARCgpAEUoKQBGKCkARy
606=grADsAbIQTSTg8KCkAPUgBeREMeRFsmRENeBGpAQ54EakBD3gRJwUBQlgGeBFRCUMoKQBE
607=KCkARSgpAEYoKwA8AG3t9z1JAe+hOz4oKQA/KCkAQCgpAEEoKQBCKCkAQygpAEQoKQBFSA
608=EnKQtu52A+AG71hj8oKQBAKCkAQSgpAEIoKQBDKCkAREgBz1I+AG/9Cj9JAe21GEAoKQBB
609=KCkAQigpAENIAccIPwBw5QhASAHFCEEoKQBCSAHPBUAAcewFCEEAcQD0AQAAAAYAEQAA

[Lighting]
Red=1.000000
Blue=1.000000
Green=1.000000
Level=0.000000
Ground=0.000000
IonRed=0.300000
Ambient=1.000000
IonBlue=0.750000
IonGreen=0.400000
IonLevel=0.000000
IonGround=0.000000
IonAmbient=0.870000

[Map]
Size=0,0,50,64
Theater=URBAN
LocalSize=2,6,46,52

[Neutral House]
IQ=5
Edge=North
Color=Grey
Allies=Neutral House
Country=Neutral
Credits=0
NodeCount=0
TechLevel=10
PercentBuilt=100
PlayerControl=no

[OverlayDataPack]
1=BQAAIP4AIACAIwAAIP5BGACBBv4LAAqBCP/zAU8WgQn+/gEAgQX+/wEA/8ABQByAcQAAIP
2=5AAACBBf7/AQD/9ANAAIEDIANADIEM/vIBAIQEBwcG/gkAAIEB/vIBAIMGAAhyAP7zAQCC
3=BggCA/77AQCDBwoK//0BNwwIAIEEcA3+/gEAggYJ//IFQgD/DAY0FstABoMGCgj+AwAAgg
4=IK/6oBQQaASgAAIP5BAACBA/4MAAqBCc86AIEI/u4FAP4FAAn//gFVBP8AAlME//0FUwj/
5=7wdkBP/rA1EO/i0CAIEG/gQACoEMUAn+CwAK/5ABYQCAMQAAIP5XAACBBf4EAACBAUAE/v
6=MBACIA/vsBAP/5BVcCiAYKCAAAAgoJ//EHXwL/tw1JEIAcAAAg/lAAAIEF/v8BAP8ADlAA
7=gQP+CQAKgQj+pQ8AgAUAACD+ACAAgAUAACD+ACAAgAUAACD+ACAAgAUAACD+ACAAgAUAAC
8=D+ACAAgAUAACD+ACAAgAUAACD+ACAAgAUAACD+ACAAgAUAACD+ACAAgAUAACD+ACAAgAUA
9=ACD+ACAAgAUAACD+ACAAgAUAACD+ACAAgAUAACD+ACAAgAUAACD+ACAAgAUAACD+ACAAgA
10=UAACD+ACAAgAUAACD+ACAAgAUAACD+ACAAgAUAACD+ACAAgAUAACD+ACAAgAUAACD+ACAA
11=gAUAACD+ACAAgAUAACD+ACAAgAUAACD+ACAAgAUAACD+ACAAgA==

[OverlayPack]
1=BQAAIP4AIP+AHAAAIP5BGP/+DQAA//QBTxb//wFDFv8AAkIW/r8B/4BcAAAg/kAA/4EA/v
2=8B///0A0AAgWYgA0IA//MBQAT+BABm//wBNwSBZgIC/vwB/wH+//8BNwr/AAI2Cv/+ATYI
3=yjQE/wACQRD/8wVBAP8NBDQYykAc/gMAAGAG/qYB/4ArAAAg/kEA//4OAADQOgD+8AX/gR
4=n//wlTBP/YC2YG/i0C/8ZcAP4RAAD+jwH/gCkAACD+VwD/gQBQBSAJ/vIB///3AWAA/wIG
5=TgL+AwAAQAX/7wlhAP+3C0kSgDMAACD+UAD/gQD+/wH///oNUACBqzIA/goAAP7vAf+Bqf
6=4CAv+Bqv7hA/+BrTfm1RgY/rIH/4AFAAAg/gAg/4AFAAAg/gAg/4AFAAAg/gAg/4AFAAAg
7=/gAg/4AFAAAg/gAg/4AFAAAg/gAg/4AFAAAg/gAg/4AFAAAg/gAg/4AFAAAg/gAg/4AFAA
8=Ag/gAg/4AFAAAg/gAg/4AFAAAg/gAg/4AFAAAg/gAg/4AFAAAg/gAg/4AFAAAg/gAg/4AF
9=AAAg/gAg/4AFAAAg/gAg/4AFAAAg/gAg/4AFAAAg/gAg/4AFAAAg/gAg/4AFAAAg/gAg/4
10=AFAAAg/gAg/4AFAAAg/gAg/4AFAAAg/gAg/4AFAAAg/gAg/4AFAAAg/gAg/4A=

[Ranking]
ParTimeEasy=00:15:00
ParTimeHard=00:06:00
OverParTitle=GUI:ParTitleALL01
ParTimeMedium=00:10:00
UnderParTitle=GUI:ParTitleALL02
OverParMessage=GUI:OverParMsgALL01
UnderParMessage=GUI:UnderParMsgALL01

[Russians House]
IQ=0
Edge=South
Color=DarkRed
Allies=Russians House
Country=Russians
Credits=60
NodeCount=0
TechLevel=3
PercentBuilt=100
PlayerControl=yes

[ScriptTypes]
0=01000027

[Smudge]
0=CRATER05,54,15,0
1=CRATER06,55,16,0
2=CRATER01,56,16,0
3=BURNT03,57,16,0
4=CRATER02,59,16,0
5=BURNT12,64,16,0
6=CRATER03,55,17,0
7=BURNT04,56,17,0
8=CRATER01,54,19,0
9=CRATER04,55,19,0
10=BURNT04,58,19,0
11=CRATER06,54,20,0
12=CRATER06,55,20,0
13=CRATER08,56,20,0
14=BURNT09,57,20,0
15=CRATER05,58,20,0
16=CRATER09,59,21,0
17=CRATER05,63,21,0
18=CRATER04,64,21,0
19=BURNT01,57,22,0
20=CRATER05,63,22,0
21=BURNT04,64,22,0
22=BURNT10,67,22,0
23=BURNT03,53,23,0
24=CRATER09,65,23,0
25=CRATER12,68,23,0
26=CRATER10,67,26,0
27=BURNT05,71,26,0
28=CRATER05,60,27,0
29=BURNT02,61,27,0
30=BURNT04,63,27,0
31=CRATER01,64,27,0
32=CRATER09,66,27,0
33=BURNT05,67,27,0
34=CRATER06,69,27,0
35=CRATER05,70,27,0
36=CRATER07,71,27,0
37=CRATER06,72,27,0
38=CRATER06,54,28,0
39=BURNT03,60,28,0
40=BURNT06,64,28,0
41=CRATER05,71,28,0
42=CRATER08,47,29,0
43=BURNT02,49,29,0
44=CRATER07,54,29,0
45=CRATER04,55,29,0
46=BURNT06,56,29,0
47=CRATER02,57,29,0
48=BURNT05,47,30,0
49=CRATER06,48,30,0
50=CRATER03,49,30,0
51=BURNT11,50,30,0
52=BURNT02,55,30,0
53=CRATER09,56,30,0
54=CRATER02,48,31,0
55=BURNT03,56,31,0
56=BURNT06,58,31,0
57=BURNT08,38,32,0
58=CRATER04,39,32,0
59=BURNT04,40,32,0
60=CRATER01,39,33,0
61=CRATER07,40,33,0
62=BURNT07,42,34,0
63=BURNT07,41,35,0
64=BURNT03,59,39,0
65=BURNT06,37,40,0
66=BURNT05,43,40,0
67=CRATER03,44,40,0
68=BURNT10,45,40,0
69=BURNT07,57,40,0
70=BURNT01,35,41,0
71=BURNT08,37,41,0
72=BURNT03,42,41,0
73=CRATER05,43,41,0
74=CRATER08,44,41,0
75=CRATER06,59,41,0
76=CRATER04,60,41,0
77=CRATER03,61,41,0
78=CRATER06,36,42,0
79=BURNT02,43,42,0
80=BURNT02,59,42,0
81=CRATER07,60,42,0
82=BURNT03,37,43,0
83=BURNT05,61,43,0
84=BURNT01,42,44,0
85=BURNT05,33,46,0
86=CRATER02,34,46,0
87=CRATER04,38,46,0
88=CRATER09,34,47,0
89=BURNT01,35,47,0
90=BURNT01,61,47,0
91=CRATER02,22,48,0
92=BURNT06,23,48,0
93=CRATER02,61,48,0
94=CRATER04,41,49,0
95=BURNT01,60,49,0
96=CRATER09,15,50,0
97=BURNT05,23,50,0
98=CRATER05,60,50,0
99=CRATER06,61,50,0
100=BURNT03,22,51,0
101=BURNT07,32,51,0
102=CRATER03,39,51,0
103=BURNT01,40,51,0
104=CRATER01,59,51,0
105=CRATER10,60,51,0
106=CRATER09,32,52,0
107=CRATER02,33,52,0
108=BURNT01,36,52,0
109=CRATER06,41,52,0
110=BURNT06,60,52,0
111=BURNT09,62,52,0
112=CRATER03,23,53,0
113=CRATER02,24,53,0
114=CRATER03,30,53,0
115=CRATER08,31,53,0
116=CRATER07,32,53,0
117=CRATER05,33,53,0
118=CRATER04,41,53,0
119=CRATER08,46,53,0
120=CRATER04,53,53,0
121=BURNT05,55,53,0
122=CRATER05,67,53,0
123=CRATER08,68,53,0
124=CRATER05,30,54,0
125=BURNT10,31,54,0
126=BURNT07,32,54,0
127=CRATER09,46,54,0
128=CRATER06,47,54,0
129=BURNT03,48,54,0
130=BURNT06,51,54,0
131=CRATER05,52,54,0
132=CRATER06,53,54,0
133=BURNT09,55,54,0
134=CRATER07,57,54,0
135=CRATER04,58,54,0
136=BURNT04,66,54,0
137=CRATER07,67,54,0
138=BURNT05,68,54,0
139=CRATER09,24,55,0
140=CRATER04,25,55,0
141=CRATER03,32,55,0
142=BURNT02,44,55,0
143=BURNT08,47,55,0
144=BURNT01,57,55,0
145=CRATER06,58,55,0
146=BURNT02,59,55,0
147=BURNT07,67,55,0
148=CRATER05,12,56,0
149=CRATER03,25,56,0
150=CRATER06,30,56,0
151=CRATER04,44,56,0
152=BURNT06,45,56,0
153=CRATER03,12,57,0
154=CRATER09,29,57,0
155=CRATER04,30,57,0
156=BURNT08,62,57,0
157=CRATER03,20,58,0
158=BURNT05,21,58,0
159=CRATER04,22,58,0
160=CRATER02,24,58,0
161=BURNT06,29,58,0
162=BURNT10,15,59,0
163=BURNT02,19,59,0
164=CRATER08,21,59,0
165=CRATER07,22,59,0
166=BURNT04,24,59,0
167=BURNT05,29,59,0
168=BURNT05,21,60,0
169=BURNT05,32,60,0
170=CRATER03,44,60,0
171=CRATER02,20,61,0
172=BURNT03,36,61,0
173=CRATER04,44,61,0
174=CRATER01,18,62,0
175=CRATER05,22,62,0
176=CRATER03,34,62,0
177=CRATER06,35,62,0
178=CRATER03,36,62,0
179=CRATER05,44,62,0
180=CRATER04,35,63,0
181=CRATER05,36,63,0
182=BURNT01,38,63,0
183=CRATER04,39,63,0
184=BURNT05,44,63,0
185=BURNT04,33,64,0
186=CRATER02,35,64,0
187=CRATER08,39,64,0
188=CRATER07,40,64,0
189=BURNT02,41,64,0
190=CRATER10,43,64,0
191=BURNT02,30,65,0
192=CRATER02,34,65,0
193=CRATER04,39,65,0
194=CRATER03,36,66,0
195=CRATER02,29,67,0
196=CRATER09,30,67,0
197=BURNT04,32,67,0
198=CRATER03,30,68,0
199=CRATER07,31,68,0
200=CRATER04,30,69,0
201=BURNT04,31,69,0
202=BURNT04,36,70,0
203=BURNT03,32,71,0
204=CRATER04,37,71,0
205=BURNT04,45,75,0
206=CRATER03,43,76,0
207=CRATER02,44,76,0
208=CRATER07,44,77,0
209=CRATER05,35,78,0
210=BURNT09,37,78,0
211=CRATER03,39,78,0
212=BURNT03,34,79,0
213=CRATER10,35,79,0
214=CRATER08,36,79,0
215=CRATER08,39,79,0
216=CRATER05,40,79,0
217=BURNT06,41,79,0

[Special House]
IQ=5
Edge=North
Color=Grey
Allies=Special House
Country=Special
Credits=0
NodeCount=0
TechLevel=10
PercentBuilt=100
PlayerControl=no

[SpecialFlags]
Inert=no
FogOfWar=no
IonStorms=no
MCVDeploy=no
Meteorites=no
Visceroids=no
FixedAlliance=no
TiberiumGrows=no
InitialVeteran=no
HarvesterImmune=no
TiberiumSpreads=yes
TiberiumExplosive=no
DestroyableBridges=no

[Structures]
0=Russians House,NAREFN,256,84,77,64,None,1,0,1,0,0,None,None,None,0,0
1=Americans House,GAPOWR,256,70,45,64,None,1,0,1,0,0,None,None,None,0,0
2=Americans House,GAPOWR,256,70,42,64,None,1,0,1,0,0,None,None,None,0,0
3=Americans House,NASAM,256,59,83,0,0965BDDC,1,0,1,0,0,None,None,None,0,0
4=Americans House,NASAM,256,66,83,0,0965BDDC,1,0,1,0,0,None,None,None,0,0
5=Neutral House,CAPARS04,64,87,45,0,None,0,0,1,0,0,None,None,None,0,0
6=Neutral House,CAPARS04,64,91,45,0,None,0,0,1,0,0,None,None,None,0,0
7=Americans House,GAPILL,256,80,42,64,None,1,0,1,0,0,None,None,None,0,0
8=Americans House,GAPILL,256,84,42,64,None,1,0,1,0,0,None,None,None,0,0
9=Neutral House,CAOILD,256,103,66,64,None,1,0,1,0,0,None,None,None,0,0
10=Neutral House,CAOILD,256,105,66,64,None,1,0,1,0,0,None,None,None,0,0
1018587=Neutral House,CAWASH07,256,70,101,0,None,0,0,1,0,0,None,None,None,0,0
1018588=Neutral House,CAWASH07,256,55,102,0,None,0,0,1,0,0,None,None,None,0,0
1018589=Neutral House,CAWASH07,256,62,109,0,None,0,0,1,0,0,None,None,None,0,0
1018590=Neutral House,CAWASH07,256,65,109,0,None,0,0,1,0,0,None,None,None,0,0
1018591=Americans House,GACNST,256,71,31,0,0965BDDC,1,0,1,0,0,None,None,None,0,0
1018594=Americans House,GAREFN,256,73,44,0,0965BDDC,1,0,1,0,0,None,None,None,0,0
1018600=Americans House,GAPOWR,256,67,31,0,0965BDDC,1,0,1,0,0,None,None,None,0,0
1018603=Americans House,GAPOWR,256,67,34,0,0965BDDC,1,0,1,0,0,None,None,None,0,0
1018606=Americans House,GAPILL,256,64,40,0,0965BDDC,1,0,1,0,0,None,None,None,0,0
1018607=Americans House,GAPILL,256,64,36,0,0965BDDC,1,0,1,0,0,None,None,None,0,0
1018608=Americans House,GAPILL,256,85,48,0,0965BDDC,1,0,1,0,0,None,None,None,0,0
1018609=Americans House,GAPILL,256,79,48,0,0965BDDC,1,0,1,0,0,None,None,None,0,0
1018610=Neutral House,CABHUT,256,80,48,0,08F8706C,0,0,1,0,0,None,None,None,0,0
1018611=Neutral House,CABHUT,256,84,48,0,08F8706C,0,0,1,0,0,None,None,None,0,0
1018612=Neutral House,GAGATE_A,256,81,48,0,0965BDDC,1,0,1,0,0,None,None,None,0,0
1018613=Neutral House,CAUSFGL,256,79,46,0,0965BDDC,0,0,1,0,0,None,None,None,0,0
1018616=Neutral House,CAUSFGL,256,85,46,0,0965BDDC,0,0,1,0,0,None,None,None,0,0
1018619=Neutral House,CAUSFGL,256,65,33,0,0965BDDC,0,0,1,0,0,None,None,None,0,0
1018622=Neutral House,CAUSFGL,256,65,43,0,0965BDDC,0,0,1,0,0,None,None,None,0,0
1018625=Neutral House,CAUSFGL,256,77,34,0,0965BDDC,0,0,1,0,0,None,None,None,0,0
1018628=Neutral House,CANWY25,256,72,25,0,None,0,0,1,0,0,None,None,None,0,0
1018629=Neutral House,CANWY26,64,65,20,0,None,0,0,1,0,0,None,None,None,0,0
1018630=Neutral House,CANWY22,64,68,25,0,None,0,0,1,0,0,None,None,None,0,0
1018631=Neutral House,CANWY25,64,64,25,0,None,0,0,1,0,0,None,None,None,0,0
1018634=Russians House,NACNST,256,93,67,0,0A7F264C,1,0,1,0,0,None,None,None,0,0
1018639=Russians House,NAHAND,256,89,65,0,None,1,0,1,0,0,None,None,None,0,0
1018640=Russians House,NAPOWR,256,98,69,0,None,1,0,1,0,0,None,None,None,0,0
1018643=Russians House,NAPOWR,256,98,66,0,None,1,0,1,0,0,None,None,None,0,0
1018646=Russians House,NAHAND,256,90,72,0,None,1,0,1,0,0,None,None,None,0,0
1018647=Russians House,NALASR,256,93,63,0,None,1,0,1,0,0,None,None,None,0,0
1018648=Russians House,NALASR,256,95,63,0,None,1,0,1,0,0,None,None,None,0,0
1018662=Neutral House,INBLULMP,256,66,29,0,None,0,0,1,0,0,None,None,None,0,0
1018663=Neutral House,INBLULMP,256,66,47,0,None,0,0,1,0,0,None,None,None,0,0
1018664=Neutral House,INBLULMP,256,84,39,0,None,0,0,1,0,0,None,None,None,0,0
1018667=Neutral House,CAMISC03,256,82,67,0,None,0,0,1,0,0,None,None,None,0,0
1018668=Neutral House,CANEWY14,64,48,38,0,None,0,0,1,0,0,None,None,None,0,0
1018669=Neutral House,CANEWY16,64,48,27,0,None,0,0,1,0,0,None,None,None,0,0
1018679=Americans House,GAPOWR,256,67,42,0,0965BDDC,1,0,1,0,0,None,None,None,0,0
1018682=Americans House,GAPOWR,256,67,45,0,0965BDDC,1,0,1,0,0,None,None,None,0,0
1018685=Neutral House,CANEWY12,64,67,50,0,094119FC,0,0,1,0,0,None,None,None,0,0
1018686=Neutral House,CANEWY12,64,56,51,0,None,0,0,1,0,0,None,None,None,0,0
1018687=Neutral House,CANEWY17,256,58,52,0,None,0,0,1,0,0,None,None,None,0,0
1018688=Neutral House,CANEWY17,256,65,49,0,None,0,0,1,0,0,None,None,None,0,0
1018689=Neutral House,NEGLAMP,256,62,53,0,None,0,0,1,0,0,None,None,None,0,0
1018690=Neutral House,NEGLAMP,256,62,46,0,None,0,0,1,0,0,None,None,None,0,0
1018691=Russians House,CAMISC05,256,89,73,0,None,0,0,1,0,0,None,None,None,0,0
1018692=Russians House,CAMISC05,256,96,78,0,None,0,0,1,0,0,None,None,None,0,0
1018696=Russians House,NAWEAP,256,83,82,0,None,1,0,1,0,0,None,None,None,0,0
1018699=Russians House,CAMISC06,256,101,72,0,None,0,0,1,0,0,None,None,None,0,0
1018700=Russians House,CAMISC06,256,88,68,0,None,0,0,1,0,0,None,None,None,0,0
1018702=Russians House,CAMISC05,256,81,74,0,None,0,0,1,0,0,None,None,None,0,0
1018703=Russians House,CAMISC05,256,90,62,0,None,0,0,1,0,0,None,None,None,0,0
1018704=Russians House,CAMISC06,256,90,81,0,None,0,0,1,0,0,None,None,None,0,0
1018705=Neutral House,CANEWY10,256,47,22,0,None,0,0,1,0,0,None,None,None,0,0
1018706=Neutral House,CANEWY12,64,52,17,0,None,0,0,1,0,0,None,None,None,0,0
1018707=Neutral House,CANEWY13,64,48,35,0,None,0,0,1,0,0,None,None,None,0,0
1018708=Neutral House,CANEWY14,64,50,21,0,None,0,0,1,0,0,None,None,None,0,0
1018709=Neutral House,CANEWY15,64,44,27,0,None,0,0,1,0,0,None,None,None,0,0
1018710=Neutral House,CANEWY16,256,50,19,0,None,0,0,1,0,0,None,None,None,0,0
1018711=Neutral House,CANEWY17,64,58,27,0,None,0,0,1,0,0,None,None,None,0,0
1018712=Neutral House,CANEWY18,256,55,27,0,None,0,0,1,0,0,None,None,None,0,0
1018713=Neutral House,CANWY23,256,54,22,0,None,0,0,1,0,0,None,None,None,0,0
1018714=Neutral House,CANWY24,64,51,27,0,None,0,0,1,0,0,None,None,None,0,0
1018715=Neutral House,CANEWY18,64,58,49,0,None,0,0,1,0,0,None,None,None,0,0
1018716=Neutral House,CANEWY17,64,58,46,0,None,0,0,1,0,0,None,None,None,0,0
1018717=Neutral House,CANEWY18,256,65,52,0,None,0,0,1,0,0,None,None,None,0,0
1018718=Neutral House,CAWASH18,256,59,22,0,None,0,0,1,0,0,None,None,None,0,0
1018721=Neutral House,CANEWY21,256,80,64,0,None,0,0,1,0,0,None,None,None,0,0
1018722=Russians House,CAMISC06,256,90,75,0,None,0,0,1,0,0,None,None,None,0,0
1018723=Russians House,CAMISC06,256,83,87,0,None,0,0,1,0,0,None,None,None,0,0
1018724=Russians House,CAMISC06,256,99,64,0,None,0,0,1,0,0,None,None,None,0,0
1018732=Neutral House,CANWY26,256,38,27,0,None,0,0,1,0,0,None,None,None,0,0
1018733=Neutral House,CANWY23,64,36,77,0,None,0,0,1,0,0,None,None,None,0,0
1018734=Neutral House,CANEWY17,64,42,74,0,None,0,0,1,0,0,None,None,None,0,0
1018735=Neutral House,CANEWY18,64,42,77,0,None,0,0,1,0,0,None,None,None,0,0
1018736=Neutral House,CANEWY12,64,40,76,0,None,0,0,1,0,0,None,None,None,0,0
1018737=Neutral House,CANEWY14,256,32,76,0,None,0,0,1,0,0,None,None,None,0,0
1018738=Neutral House,CANEWY11,256,37,74,0,None,0,0,1,0,0,None,None,None,0,0
1018739=Neutral House,CANEWY12,64,28,54,0,None,0,0,1,0,0,None,None,None,0,0
1018740=Neutral House,CANEWY13,64,41,55,0,None,0,0,1,0,0,None,None,None,0,0
1018741=Neutral House,CANEWY14,64,39,58,0,None,0,0,1,0,0,None,None,None,0,0
1018742=Neutral House,CANEWY15,256,38,52,0,None,0,0,1,0,0,None,None,None,0,0
1018743=Neutral House,CANEWY16,64,42,59,0,None,0,0,1,0,0,None,None,None,0,0
1018744=Neutral House,CANWY23,64,43,53,0,None,0,0,1,0,0,None,None,None,0,0
1018745=Neutral House,CANWY24,64,38,48,0,None,0,0,1,0,0,None,None,None,0,0
1018746=Neutral House,CANWY26,64,39,61,0,None,0,0,1,0,0,None,None,None,0,0
1018747=Neutral House,CATEXS06,256,28,50,0,None,0,0,1,0,0,None,None,None,0,0
1018748=Neutral House,CATEXS08,64,28,46,0,None,0,0,1,0,0,None,None,None,0,0
1018749=Neutral House,CANEWY14,64,23,68,0,None,0,0,1,0,0,None,None,None,0,0
1018750=Neutral House,CANWY24,64,27,68,0,None,0,0,1,0,0,None,None,None,0,0
1018751=Neutral House,CANEWY18,64,28,62,0,None,0,0,1,0,0,None,None,None,0,0
1018752=Neutral House,CANEWY17,256,28,65,0,None,0,0,1,0,0,None,None,None,0,0
1018753=Neutral House,CATEXS07,64,15,61,0,None,0,0,1,0,0,None,None,None,0,0
1018754=Neutral House,CAMISC04,256,23,60,0,None,0,0,1,0,0,None,None,None,0,0
1018755=Neutral House,CAMISC03,256,19,62,0,None,0,0,1,0,0,None,None,None,0,0
1018756=Neutral House,CAPARK01,256,36,62,0,None,0,0,1,0,0,None,None,None,0,0
1018757=Neutral House,CAPARK01,256,37,62,0,None,0,0,1,0,0,None,None,None,0,0
1018758=Neutral House,CAUSFGL,256,39,66,0,None,0,0,1,0,0,None,None,None,0,0
1018761=Neutral House,CAUSFGL,128,39,71,0,None,0,0,1,0,0,None,None,None,0,0
1018764=Neutral House,CAMISC04,128,36,65,0,None,0,0,1,0,0,None,None,None,0,0
1018766=Neutral House,NEGLAMP,256,33,68,0,None,0,0,1,0,0,None,None,None,0,0
1018767=Neutral House,NEGLAMP,256,33,58,0,None,0,0,1,0,0,None,None,None,0,0
1018768=Neutral House,NEGLAMP,256,33,47,0,None,0,0,1,0,0,None,None,None,0,0
1018769=Neutral House,NEGLAMP,256,20,51,0,None,0,0,1,0,0,None,None,None,0,0
1018770=Neutral House,CANEWY08,256,17,54,0,None,0,0,1,0,0,None,None,None,0,0
1018771=Neutral House,CANEWY07,64,13,54,0,None,0,0,1,0,0,None,None,None,0,0
1018772=Neutral House,CANEWY06,64,21,54,0,None,0,0,1,0,0,None,None,None,0,0
1018773=Neutral House,CAPARK01,256,22,57,0,None,0,0,1,0,0,None,None,None,0,0
1018774=Neutral House,CAMISC03,128,20,50,0,None,0,0,1,0,0,None,None,None,0,0
1018775=Neutral House,CANEWY10,64,49,52,0,None,0,0,1,0,0,None,None,None,0,0
1018776=Neutral House,CANEWY13,64,52,51,0,None,0,0,1,0,0,None,None,None,0,0
1018777=Neutral House,CANEWY12,256,47,51,0,None,0,0,1,0,0,None,None,None,0,0
1018778=Neutral House,CANWY22,64,43,46,0,None,0,0,1,0,0,None,None,None,0,0
1018779=Neutral House,CANEWY16,256,44,50,0,None,0,0,1,0,0,None,None,None,0,0
1018780=Neutral House,CANWY25,64,47,46,0,None,0,0,1,0,0,None,None,None,0,0
1018781=Neutral House,CANEWY15,64,54,47,0,None,0,0,1,0,0,None,None,None,0,0
1018782=Neutral House,CANEWY18,256,51,47,0,None,0,0,1,0,0,None,None,None,0,0
1018783=Neutral House,INYELWLAMP,256,65,67,0,None,0,0,1,0,0,None,None,None,0,0
1018784=Neutral House,CAUSFGL,256,66,81,0,None,0,0,1,0,0,None,None,None,0,0
1018787=Neutral House,CAUSFGL,256,59,81,0,None,0,0,1,0,0,None,None,None,0,0
1018790=Neutral House,CAMISC05,256,53,35,0,None,0,0,1,0,0,None,None,None,0,0
1018791=Neutral House,CAMISC05,256,54,35,0,None,0,0,1,0,0,None,None,None,0,0
1018793=Neutral House,NEGLAMP,256,50,24,0,None,0,0,1,0,0,None,None,None,0,0
1018794=Neutral House,NEGLAMP,256,42,50,0,None,0,0,1,0,0,None,None,None,0,0
1018795=Neutral House,CAPARK01,256,60,63,0,None,0,0,1,0,0,None,None,None,0,0
1018796=Neutral House,CAPARK01,256,64,63,0,None,0,0,1,0,0,None,None,None,0,0
1018800=Neutral House,CAMSC10,256,31,38,0,None,0,0,1,0,0,None,None,None,0,0
1018801=Neutral House,CAGAS01,256,35,34,0,None,0,0,1,0,0,None,None,None,0,0
1018804=Neutral House,CAPARK01,256,36,37,0,None,0,0,1,0,0,None,None,None,0,0
1018805=Neutral House,CAPARK01,256,37,37,0,None,0,0,1,0,0,None,None,None,0,0
1018809=Russians House,CARUFGL,256,91,64,0,None,0,0,1,0,0,None,None,None,0,0
1018812=Russians House,CARUFGL,256,97,64,0,None,0,0,1,0,0,None,None,None,0,0
1018815=Russians House,CARUFGL,256,81,70,0,None,0,0,1,0,0,None,None,None,0,0
1018818=Russians House,CARUFGL,256,86,70,0,None,0,0,1,0,0,None,None,None,0,0
1018821=Americans House,CANEWY04,131,61,69,0,0A1C2220,0,0,1,0,0,None,None,None,0,0
1018822=Russians House,NARADR,256,96,75,0,None,1,0,1,0,0,None,None,None,0,0
1018825=Russians House,NAPOWR,256,91,77,0,None,1,0,1,0,0,None,None,None,0,0
1018828=Russians House,CAMISC06,256,96,73,0,None,0,0,1,0,0,None,None,None,0,0
1018829=Neutral House,CAPARK01,256,43,67,0,None,0,0,1,0,0,None,None,None,0,0
1018830=Neutral House,CAPARK01,256,46,67,0,None,0,0,1,0,0,None,None,None,0,0
1018831=Neutral House,CAPARK01,256,49,67,0,None,0,0,1,0,0,None,None,None,0,0
1018832=Neutral House,CAPARK01,256,52,67,0,None,0,0,1,0,0,None,None,None,0,0
1018834=Neutral House,INBLULMP,256,62,97,0,None,0,0,1,0,0,None,None,None,0,0
1018835=Neutral House,INYELWLAMP,256,64,113,0,None,0,0,1,0,0,None,None,None,0,0
1018836=Neutral House,NEGLAMP,256,35,74,0,None,0,0,1,0,0,None,None,None,0,0
1018837=Neutral House,INBLULMP,256,48,69,0,None,0,0,1,0,0,None,None,None,0,0
1018838=Neutral House,CAMISC05,256,34,35,0,None,0,0,1,0,0,None,None,None,0,0
1018839=Neutral House,CAMISC05,256,34,36,0,None,0,0,1,0,0,None,None,None,0,0
1019061=Americans House,GAPILL,256,70,40,0,0965BDDC,1,0,1,0,0,None,None,None,0,0
1019062=Americans House,GAPILL,256,70,36,0,0965BDDC,1,0,1,0,0,None,None,None,0,0

[Tags]
01000001=0,AI Auto Production √¿ 1,01000000
01000003=0,AI Auto Production Ìn 1,01000002
01000005=0,AI Auto Production ∑® House,01000004
01000007=0,AI Auto Production µ¬ House,01000006
01000009=0,AI Auto Production ”¢ House,01000008
01000011=0,AI Auto Production ¿˚±»®& House,01000010
01000013=0,AI Auto Production “¡¿≠®& House,01000012
01000015=0,AI Auto Production π≈ House,01000014
01000017=0,AI Auto Production ∆Ω House,01000016
01000019=0,AI Auto Production ÷Œ∞≤®& House,01000018
01000021=0,Show Liberty 1,01000020
01000023=0,Win 1,01000022
01000025=0,Paradrop Americans 1,01000024
01000030=0,Got attacked 1,01000029
01000032=0,Got attacked 2 1,01000031
01000034=0,Got attacked 3 1,01000033
01000036=0,Got attacked 5 1,01000035
01000038=0,Got attacked 7 1,01000037
01000040=0,Got attacked 9 1,01000039
01000042=0,Got attacked 11 1,01000041

[TaskForces]
0=01000026

[TeamTypes]
0=01000028

[Terrain]
10055=TREE08
12048=TREE01
12050=TREE01
12052=TREE01
12054=TREE01
12056=TREE01
12058=TREE01
12060=TREE01
16053=TREE01
16058=TREE01
16060=TREE01
20043=TREE06
21058=TREE18
21060=TREE18
22045=TREE05
22058=TREE18
23041=TREE08
23042=TREE07
23058=TREE18
23064=TREE01
23066=TREE01
23067=TREE01
23069=TREE01
23070=TREE01
23071=TREE01
23072=TREE01
24067=TREE01
24071=TREE01
25067=TREE01
25071=TREE01
26071=TREE01
27067=TREE01
27071=TREE01
28034=TREE02
28035=TREE04
28036=TREE02
28037=TREE06
30032=TREE16
30034=TREE16
30036=TREE16
30038=TREE16
30040=TREE16
30042=TREE16
30044=TREE16
30046=TREE16
30050=TREE16
30052=TREE16
30054=TREE16
30058=TREE16
30060=TREE16
32060=TREE16
33051=POLE01
33056=POLE01
34026=TREE01
34028=TREE01
34030=TREE01
34039=LT_SGN02
34041=LT_SGN02
34043=LT_SGN02
34047=TREE01
34048=TREE01
34049=TREE01
34050=TREE01
34052=LT_GEN04
34055=LT_GEN04
34060=TREE16
35047=TREE01
36043=LT_GEN01
36047=TREE01
36060=TREE16
37047=TREE01
38047=TREE01
38054=TIBTRE02
39043=LT_GEN01
39047=TREE01
40047=TREE01
40060=TREE16
41022=TREE01
41024=TREE01
41026=TREE01
41028=TREE01
41030=TREE01
41035=LT_SGN04
41039=LT_SGN04
41047=TREE01
41048=TREE01
41049=TREE01
41050=TREE01
41051=POLE01
41052=LT_GEN02
41055=LT_GEN02
41056=POLE01
44060=TREE16
45020=TREE09
45022=TREE09
45024=TREE09
45028=TREE01
45030=TREE01
45035=TREE01
45037=TREE16
45039=TREE16
45041=TREE16
45043=TREE16
45045=TREE16
45047=TREE16
45049=TREE16
45051=TREE16
45053=TREE16
45055=TREE16
45057=TREE16
45059=TREE16
46027=TREE01
46031=TREE01
46060=TREE16
47024=TREE09
47035=TREE01
48027=TREE01
48031=TREE01
48060=TREE16
48064=TREE16
49035=TREE01
49068=POLE02
50024=TREE09
50027=TREE01
50031=TREE01
50064=TREE16
51035=TREE01
52024=TREE09
52027=TREE01
52031=TREE01
52060=TREE16
52064=TREE16
53035=TREE01
54024=TREE09
54027=TREE01
54048=POLE01
54052=POLE01
54056=POLE01
54060=POLE01
54064=TRFF02
54065=POLE01
55035=TREE01
55045=POLE01
56024=TREE09
56027=TREE01
56031=TREE01
57009=TREE09
57011=TREE09
57013=TREE09
57014=LT_SGN04
57015=TREE09
57017=TREE09
57018=LT_SGN04
57019=TREE09
57021=TREE09
57023=TREE09
57024=LT_SGN04
57027=LT_SGN04
57028=TREE01
57031=LT_SGN04
57035=TREE01
58044=POLE02
58085=LT_SGN04
58087=TREE13
58089=LT_SGN04
58091=TREE14
58093=LT_SGN04
58095=TREE08
58097=LT_SGN04
58099=TREE06
58101=LT_SGN04
58103=TREE13
58105=LT_SGN04
59035=TREE01
59080=TREE13
60014=LT_SGN02
60018=LT_SGN02
60024=LT_SGN02
60027=LT_SGN02
60031=LT_SGN02
61031=TREE01
61035=TREE01
61080=TREE14
62044=POLE02
62082=TREE13
62084=TREE14
62088=POLE01
62091=POLE01
62096=POLE01
62099=POLE01
62102=POLE01
62105=POLE01
62108=POLE01
63031=TREE01
63086=POLE02
64057=TREE06
64058=TREE05
64059=TREE08
64065=TREE07
64066=TREE08
64067=TREE12
64068=TREE06
65031=TREE01
65035=TREE01
65039=TREE01
65057=TREE08
65058=TREE11
65059=TREE05
65065=TREE06
65066=TREE05
65067=TREE07
65068=TREE11
66038=TREE01
67031=TREE01
67035=TREE01
67057=TREE07
67068=TREE12
68057=TREE10
68068=TREE10
68069=TREE14
68086=POLE02
69068=TREE07
69069=TREE11
70035=TREE01
70037=TREE01
70068=TREE10
70069=TREE08
71025=TREE01
71027=TREE01
71029=TREE01
71031=TREE01
71043=POLE01
71046=POLE01
71049=POLE01
71052=POLE01
71069=TREE06
72039=TREE01
72057=TREE10
72069=TREE05
73056=TREE04
73057=TREE06
73068=TREE12
73069=TREE11
74056=TREE02
74057=TREE05
74068=TREE10
74069=TREE12
75044=POLE02
75056=TREE15
75057=TREE04
75058=TREE07
75068=TREE12
75069=TREE10
76056=TREE14
76057=TREE03
76058=TREE06
76061=TREE09
76064=TREE09
76067=TREE02
76068=TREE15
76069=TREE11
77056=TREE12
77057=TREE02
77058=TREE05
77059=TREE12
77067=TREE04
77068=TREE14
77069=TREE14
78044=POLE02
78056=TREE11
78057=TREE11
78058=TREE04
78059=TREE11
78061=TREE09
78064=TREE09
78067=TREE05
78068=TREE12
78069=TREE12
79034=POLE01
79038=POLE01
79042=POLE01
79056=TREE10
79057=TREE12
79058=TREE05
79059=TREE10
79067=TREE06
79068=TREE11
79069=TREE08
80056=TREE08
80057=TREE14
80058=TREE06
80059=TREE07
80061=TREE09
80064=TREE09
80067=TREE07
80068=TREE10
80069=TREE10
81056=TREE07
81057=TREE15
81058=TREE07
81067=TREE05
81068=TREE08
81069=TREE07
82056=TREE06
82057=TREE10
82061=TREE09
82064=TREE09
82068=TREE04
82069=TREE06
83056=TREE05
83057=TREE08
83068=TREE02
83069=TREE05
88075=TREE14
90049=TREE11
90074=TREE13
90075=TREE11
91046=TREE08
91047=TREE05
91049=TREE12
91050=TREE07
91076=TREE19
91077=TREE04
91078=TREE17
92049=TREE19
100051=TREE04
100053=TREE02
100055=TREE04
100057=TREE06
100068=TREE02
100070=TREE04
100072=TREE05
100074=TREE06
102068=TREE05
105056=TREE01
105058=TREE01
105060=TREE01
105061=TRFF04
105064=TRFF02
105065=TREE01
105067=TREE01
105069=TREE01
105071=TREE01
105073=TREE01

[Triggers]
01000000=Americans,<none>,AI Auto Production √¿,0,1,1,1,0
01000002=Alliance,<none>,AI Auto Production Ìn,0,1,1,1,0
01000004=French,<none>,AI Auto Production ∑®,0,1,1,1,0
01000006=Germans,<none>,AI Auto Production µ¬,0,1,1,1,0
01000008=British,<none>,AI Auto Production ”¢,0,1,1,1,0
01000010=Africans,<none>,AI Auto Production ¿˚±»®&,0,1,1,1,0
01000012=Arabs,<none>,AI Auto Production “¡¿≠®&,0,1,1,1,0
01000014=Confederation,<none>,AI Auto Production π≈,0,1,1,1,0
01000016=Neutral,<none>,AI Auto Production ∆Ω,0,1,1,1,0
01000018=Special,<none>,AI Auto Production ÷Œ∞≤®&,0,1,1,1,0
01000020=Russians,<none>,Show Liberty,0,1,1,1,0
01000022=Russians,<none>,Win,0,1,1,1,0
01000024=Americans,<none>,Paradrop Americans,0,1,1,1,0
01000029=Americans,<none>,Got attacked,0,1,1,1,0
01000031=Americans,<none>,Got attacked 2,0,1,1,1,0
01000033=Americans,<none>,Got attacked 3,0,1,1,1,0
01000035=Americans,<none>,Got attacked 5,0,1,1,1,0
01000037=Americans,<none>,Got attacked 7,0,1,1,1,0
01000039=Americans,<none>,Got attacked 9,0,1,1,1,0
01000041=Americans,<none>,Got attacked 11,0,1,1,1,0

[Units]
0=Americans House,MTNK,256,57,18,128,Guard,0B2295AC,100,-1,0,-1,1,1
1=Russians House,DRED,256,64,91,0,Attack,None,200,-1,0,-1,1,0
2=Russians House,HTNK,256,82,58,0,Guard,None,200,-1,0,-1,1,0
3=Russians House,V3,256,83,58,0,Guard,None,200,-1,0,-1,1,0
4=Americans House,CMIN,256,76,45,64,Guard,None,0,-1,0,-1,1,0
5=Americans House,MTNK,256,55,18,128,Guard,0B2295AC,100,-1,0,-1,1,1
7=Americans House,MTNK,256,59,18,128,Guard,0B2295AC,100,-1,0,-1,1,1
10=Neutral House,STANG,256,21,63,128,Sleep,None,0,-1,0,-1,1,1
11=Neutral House,LIMO,256,24,61,64,Sleep,None,0,-1,0,-1,1,1
12=Neutral House,SUVB,256,22,47,192,Sleep,None,0,-1,0,-1,1,1
13=Neutral House,PTRUCK,256,20,49,64,Sleep,None,0,-1,0,-1,1,1
14=Neutral House,CONA,256,52,39,0,Sleep,None,0,-1,0,-1,1,1
15=Neutral House,SUVW,256,40,38,128,Sleep,None,0,-1,0,-1,1,1
16=Neutral House,STANG,256,41,35,0,Sleep,None,0,-1,0,-1,1,1
17=Neutral House,SUVB,256,24,63,0,Sleep,None,0,-1,0,-1,1,1
18=Americans House,COP,128,31,58,64,Sleep,None,0,-1,0,-1,1,1

[VariableNames]
0=Transport 1,0
1=Transport 2,1

[Waypoints]
0=71062
1=90062
2=39024
3=66063
4=43074
5=68081
6=36024
7=49022
8=67081
9=96076
10=43069
11=43076
12=63077
13=33069
14=33076
15=35084
16=38074
17=39039
18=92057
19=100062
20=69063
21=62022
22=71047
23=75049
24=66049
25=36039
26=66058
27=82064
28=18057
29=39062
30=19062
31=37062
32=71096
33=79060
34=65062
35=51082
36=99060
37=48033
38=82037
39=85075
40=69079
41=82039
42=52040
43=82038
44=13062
45=61034
46=40057
47=61086
48=76063
49=74064
50=108063
51=58077
52=53067
53=75064
54=71058
55=66064
56=47079
57=43056
58=39058
59=47083
60=32056
61=37058
62=82040
63=59032
64=51033
65=58024
66=73032
67=60032
68=69034
69=62034
70=68034
71=69032
72=67032
73=39059
74=96050
75=86060
76=28033
77=86065
78=77029
79=52082
80=59062
81=58107
82=68077
83=43016
84=43092
85=96082
86=33082
87=33025
88=85037
89=85093
90=73024
91=73033
92=43033
93=56097
94=56092
95=56087
96=46090
97=44016
98=70093
99=70094
100=44058

[¿˚±»?& House]
IQ=
Edge=
Color=
Allies=
Country=
Credits=
NodeCount=
TechLevel=
PercentBuilt=
PlayerControl=

[“¡¿≠?& House]
IQ=
Edge=
Color=
Allies=
Country=
Credits=
NodeCount=
TechLevel=
PercentBuilt=
PlayerControl=

[÷Œ∞≤?& House]
IQ=
Edge=
Color=
Allies=
Country=
Credits=
NodeCount=
TechLevel=
PercentBuilt=
PlayerControl=



[Digest]
1=Eq47df/JG5BJDXPM7Bw0r9wrpPs=

